{
    "homo_sapiens - bam, bai, roi": {
        "content": [
            {
                "0": [
                    [
                        {
                            "id": "Sample1"
                        },
                        "Sample1_autosomal.txt:md5,38b5cbbe36f1561d05e9318c972f947a"
                    ]
                ],
                "1": [
                    "versions.yml:md5,92941b5ef970effd3c691860894506da"
                ],
                "counts": [
                    [
                        {
                            "id": "Sample1"
                        },
                        "Sample1_autosomal.txt:md5,38b5cbbe36f1561d05e9318c972f947a"
                    ]
                ],
                "versions": [
                    "versions.yml:md5,92941b5ef970effd3c691860894506da"
                ]
            }
        ],
        "meta": {
            "nf-test": "0.9.1",
            "nextflow": "24.10.1"
        },
        "timestamp": "2024-11-26T12:16:28.423307349"
    },
    "homo_sapiens - bam, bai, roi - stub": {
        "content": [
            {
                "0": [
                    [
                        {
                            "id": "Sample1"
                        },
                        "Sample1_autosomal.txt:md5,d41d8cd98f00b204e9800998ecf8427e"
                    ]
                ],
                "1": [
                    "versions.yml:md5,92941b5ef970effd3c691860894506da"
                ],
                "counts": [
                    [
                        {
                            "id": "Sample1"
                        },
                        "Sample1_autosomal.txt:md5,d41d8cd98f00b204e9800998ecf8427e"
                    ]
                ],
                "versions": [
                    "versions.yml:md5,92941b5ef970effd3c691860894506da"
                ]
            }
        ],
        "meta": {
            "nf-test": "0.9.1",
            "nextflow": "24.10.1"
        },
        "timestamp": "2024-11-26T12:16:36.659009456"
    }
}