{
    "exomedepth_cram": {
        "content": [
            85,
            {
                "BEDGOVCF": {
                    "bedgovcf": "0.1.0"
                },
                "CNV_CALL_AUTO": {
                    "ExomeDepth": "1.1.16",
                    "R": "Rscript (R) version 4.3.1 (2023-06-16)"
                },
                "CNV_MERGE": {
                    "head": 9.3,
                    "tail": 9.3,
                    "sort": 9.3
                },
                "COUNT_AUTO": {
                    "ExomeDepth": "1.1.16",
                    "R": "Rscript (R) version 4.3.1 (2023-06-16)"
                },
                "COUNT_MERGE_AUTO": {
                    "paste": 9.3,
                    "mv": 9.3,
                    "cp": 9.3
                },
                "CRAM_PREPARE": {
                    "samtools": 1.21
                },
                "TABIX": {
                    "tabix": 1.2
                },
                "Workflow": {
                    "nf-cmgg/exomecnv": "v1.0.2"
                }
            },
            [
                "exomedepth",
                "exomedepth/cnv_call",
                "exomedepth/cnv_call/Sample10_CNVs_ExomeDepth.txt",
                "exomedepth/cnv_call/Sample10_CNVs_ExomeDepth.vcf.gz",
                "exomedepth/cnv_call/Sample10_CNVs_ExomeDepth.vcf.gz.tbi",
                "exomedepth/cnv_call/Sample10_CNVs_ExomeDepth_autosomal.txt",
                "exomedepth/cnv_call/Sample10_CNVs_ExomeDepth_chrX.txt",
                "exomedepth/cnv_call/Sample1_CNVs_ExomeDepth.txt",
                "exomedepth/cnv_call/Sample1_CNVs_ExomeDepth.vcf.gz",
                "exomedepth/cnv_call/Sample1_CNVs_ExomeDepth.vcf.gz.tbi",
                "exomedepth/cnv_call/Sample1_CNVs_ExomeDepth_autosomal.txt",
                "exomedepth/cnv_call/Sample1_CNVs_ExomeDepth_chrX.txt",
                "exomedepth/cnv_call/Sample2_CNVs_ExomeDepth.txt",
                "exomedepth/cnv_call/Sample2_CNVs_ExomeDepth.vcf.gz",
                "exomedepth/cnv_call/Sample2_CNVs_ExomeDepth.vcf.gz.tbi",
                "exomedepth/cnv_call/Sample2_CNVs_ExomeDepth_autosomal.txt",
                "exomedepth/cnv_call/Sample2_CNVs_ExomeDepth_chrX.txt",
                "exomedepth/cnv_call/Sample3_CNVs_ExomeDepth.txt",
                "exomedepth/cnv_call/Sample3_CNVs_ExomeDepth.vcf.gz",
                "exomedepth/cnv_call/Sample3_CNVs_ExomeDepth.vcf.gz.tbi",
                "exomedepth/cnv_call/Sample3_CNVs_ExomeDepth_autosomal.txt",
                "exomedepth/cnv_call/Sample3_CNVs_ExomeDepth_chrX.txt",
                "exomedepth/cnv_call/Sample4_CNVs_ExomeDepth.txt",
                "exomedepth/cnv_call/Sample4_CNVs_ExomeDepth.vcf.gz",
                "exomedepth/cnv_call/Sample4_CNVs_ExomeDepth.vcf.gz.tbi",
                "exomedepth/cnv_call/Sample4_CNVs_ExomeDepth_autosomal.txt",
                "exomedepth/cnv_call/Sample4_CNVs_ExomeDepth_chrX.txt",
                "exomedepth/cnv_call/Sample5_CNVs_ExomeDepth.txt",
                "exomedepth/cnv_call/Sample5_CNVs_ExomeDepth.vcf.gz",
                "exomedepth/cnv_call/Sample5_CNVs_ExomeDepth.vcf.gz.tbi",
                "exomedepth/cnv_call/Sample5_CNVs_ExomeDepth_autosomal.txt",
                "exomedepth/cnv_call/Sample5_CNVs_ExomeDepth_chrX.txt",
                "exomedepth/cnv_call/Sample6_CNVs_ExomeDepth.txt",
                "exomedepth/cnv_call/Sample6_CNVs_ExomeDepth.vcf.gz",
                "exomedepth/cnv_call/Sample6_CNVs_ExomeDepth.vcf.gz.tbi",
                "exomedepth/cnv_call/Sample6_CNVs_ExomeDepth_autosomal.txt",
                "exomedepth/cnv_call/Sample6_CNVs_ExomeDepth_chrX.txt",
                "exomedepth/cnv_call/Sample7_CNVs_ExomeDepth.txt",
                "exomedepth/cnv_call/Sample7_CNVs_ExomeDepth.vcf.gz",
                "exomedepth/cnv_call/Sample7_CNVs_ExomeDepth.vcf.gz.tbi",
                "exomedepth/cnv_call/Sample7_CNVs_ExomeDepth_autosomal.txt",
                "exomedepth/cnv_call/Sample7_CNVs_ExomeDepth_chrX.txt",
                "exomedepth/cnv_call/Sample8_CNVs_ExomeDepth.txt",
                "exomedepth/cnv_call/Sample8_CNVs_ExomeDepth.vcf.gz",
                "exomedepth/cnv_call/Sample8_CNVs_ExomeDepth.vcf.gz.tbi",
                "exomedepth/cnv_call/Sample8_CNVs_ExomeDepth_autosomal.txt",
                "exomedepth/cnv_call/Sample8_CNVs_ExomeDepth_chrX.txt",
                "exomedepth/cnv_call/Sample9_CNVs_ExomeDepth.txt",
                "exomedepth/cnv_call/Sample9_CNVs_ExomeDepth.vcf.gz",
                "exomedepth/cnv_call/Sample9_CNVs_ExomeDepth.vcf.gz.tbi",
                "exomedepth/cnv_call/Sample9_CNVs_ExomeDepth_autosomal.txt",
                "exomedepth/cnv_call/Sample9_CNVs_ExomeDepth_chrX.txt",
                "exomedepth/cnv_call/versions.yml",
                "exomedepth/counts",
                "exomedepth/counts/Sample10_autosomal.txt",
                "exomedepth/counts/Sample10_chrX.txt",
                "exomedepth/counts/Sample1_autosomal.txt",
                "exomedepth/counts/Sample1_chrX.txt",
                "exomedepth/counts/Sample2_autosomal.txt",
                "exomedepth/counts/Sample2_chrX.txt",
                "exomedepth/counts/Sample3_autosomal.txt",
                "exomedepth/counts/Sample3_chrX.txt",
                "exomedepth/counts/Sample4_autosomal.txt",
                "exomedepth/counts/Sample4_chrX.txt",
                "exomedepth/counts/Sample5_autosomal.txt",
                "exomedepth/counts/Sample5_chrX.txt",
                "exomedepth/counts/Sample6_autosomal.txt",
                "exomedepth/counts/Sample6_chrX.txt",
                "exomedepth/counts/Sample7_autosomal.txt",
                "exomedepth/counts/Sample7_chrX.txt",
                "exomedepth/counts/Sample8_autosomal.txt",
                "exomedepth/counts/Sample8_chrX.txt",
                "exomedepth/counts/Sample9_autosomal.txt",
                "exomedepth/counts/Sample9_chrX.txt",
                "exomedepth/counts/poolF_autosomal.txt",
                "exomedepth/counts/poolF_chrX.txt",
                "exomedepth/counts/poolM_autosomal.txt",
                "exomedepth/counts/poolM_chrX.txt",
                "exomedepth/counts/versions.yml",
                "multiqc",
                "multiqc/multiqc_data",
                "multiqc/multiqc_data/multiqc.log",
                "multiqc/multiqc_data/multiqc_citations.txt",
                "multiqc/multiqc_data/multiqc_data.json",
                "multiqc/multiqc_data/multiqc_software_versions.txt",
                "multiqc/multiqc_data/multiqc_sources.txt",
                "multiqc/multiqc_report.html",
                "pipeline_info",
                "pipeline_info/nf_core_pipeline_software_mqc_versions.yml",
                "samplesheet.csv"
            ],
            [
                "Sample10_CNVs_ExomeDepth.txt:md5,ab14fc3d50a06417c3a78b5585f33821",
                "Sample10_CNVs_ExomeDepth.vcf.gz:md5,a42efd2ccef7b715adcccae9540ce4b3",
                "Sample10_CNVs_ExomeDepth.vcf.gz.tbi:md5,4cb176febbc8c26d717a6c6e67b9c905",
                "Sample10_CNVs_ExomeDepth_autosomal.txt:md5,ab14fc3d50a06417c3a78b5585f33821",
                "Sample10_CNVs_ExomeDepth_chrX.txt:md5,ab14fc3d50a06417c3a78b5585f33821",
                "Sample1_CNVs_ExomeDepth.txt:md5,cd414909ef75fbabb7a3e33b0ae13ea4",
                "Sample1_CNVs_ExomeDepth.vcf.gz:md5,0cedfb3efc559241b6144a60bba68fdf",
                "Sample1_CNVs_ExomeDepth.vcf.gz.tbi:md5,d25307f715ac9d5c5bee6ef673e203b8",
                "Sample1_CNVs_ExomeDepth_autosomal.txt:md5,cd414909ef75fbabb7a3e33b0ae13ea4",
                "Sample1_CNVs_ExomeDepth_chrX.txt:md5,ab14fc3d50a06417c3a78b5585f33821",
                "Sample2_CNVs_ExomeDepth.txt:md5,c87a3f77a285b6183864c5a05abc9c79",
                "Sample2_CNVs_ExomeDepth.vcf.gz:md5,6fec781143d62e98f18a5ca60c7839ff",
                "Sample2_CNVs_ExomeDepth.vcf.gz.tbi:md5,fada2dcee815e7c4ee05eca0db6437ff",
                "Sample2_CNVs_ExomeDepth_autosomal.txt:md5,c87a3f77a285b6183864c5a05abc9c79",
                "Sample2_CNVs_ExomeDepth_chrX.txt:md5,ab14fc3d50a06417c3a78b5585f33821",
                "Sample3_CNVs_ExomeDepth.txt:md5,d398d6337a6f4c619d539ea82d2c09f6",
                "Sample3_CNVs_ExomeDepth.vcf.gz:md5,8a5d0b2deed07cba8a22edf61e4b272d",
                "Sample3_CNVs_ExomeDepth.vcf.gz.tbi:md5,d7c268cb5f45a154532c2d3854d768e4",
                "Sample3_CNVs_ExomeDepth_autosomal.txt:md5,d398d6337a6f4c619d539ea82d2c09f6",
                "Sample3_CNVs_ExomeDepth_chrX.txt:md5,ab14fc3d50a06417c3a78b5585f33821",
                "Sample4_CNVs_ExomeDepth.txt:md5,8c6ff9f118ac5e7bbb9398f58cbd0141",
                "Sample4_CNVs_ExomeDepth.vcf.gz:md5,006cb9dcb010bcc99b0c171ea81888fa",
                "Sample4_CNVs_ExomeDepth.vcf.gz.tbi:md5,8cb9b758da84440dea92cefbb0adf63a",
                "Sample4_CNVs_ExomeDepth_autosomal.txt:md5,8c6ff9f118ac5e7bbb9398f58cbd0141",
                "Sample4_CNVs_ExomeDepth_chrX.txt:md5,ab14fc3d50a06417c3a78b5585f33821",
                "Sample5_CNVs_ExomeDepth.txt:md5,2ff3f4981afd22e42a66a628d472137f",
                "Sample5_CNVs_ExomeDepth.vcf.gz:md5,59568ae2bae4fb826df413a116743772",
                "Sample5_CNVs_ExomeDepth.vcf.gz.tbi:md5,9720b7434ba06d5588005990628c04ff",
                "Sample5_CNVs_ExomeDepth_autosomal.txt:md5,2ff3f4981afd22e42a66a628d472137f",
                "Sample5_CNVs_ExomeDepth_chrX.txt:md5,ab14fc3d50a06417c3a78b5585f33821",
                "Sample6_CNVs_ExomeDepth.txt:md5,4f2d6da63ad804fe540d981c19a1c84b",
                "Sample6_CNVs_ExomeDepth.vcf.gz:md5,f3bd780b5c17ccc432fdff2ea73ca938",
                "Sample6_CNVs_ExomeDepth.vcf.gz.tbi:md5,8d0e7882d396f24b62eae6dea893d767",
                "Sample6_CNVs_ExomeDepth_autosomal.txt:md5,2c42a1c4dd769d93ff9ca4c10906fcf2",
                "Sample6_CNVs_ExomeDepth_chrX.txt:md5,2bd7c2ad37c613c53874e68da3623917",
                "Sample7_CNVs_ExomeDepth.txt:md5,219ce7d0d9d748af467acd9e5371963e",
                "Sample7_CNVs_ExomeDepth.vcf.gz:md5,368e4f7ebfeea2a819b0439fd1125b96",
                "Sample7_CNVs_ExomeDepth.vcf.gz.tbi:md5,8e09b4a2f3df7b8215a3945e9603c5d0",
                "Sample7_CNVs_ExomeDepth_autosomal.txt:md5,9f5eb01449b8cf25a9db48259aa8dd67",
                "Sample7_CNVs_ExomeDepth_chrX.txt:md5,776686dd9cd7638bcac7978924ea5f5e",
                "Sample8_CNVs_ExomeDepth.txt:md5,c88e6707bac644bab156de00ef3dd0d9",
                "Sample8_CNVs_ExomeDepth.vcf.gz:md5,0826586967e3b3aa24d3ac8cad7ec532",
                "Sample8_CNVs_ExomeDepth.vcf.gz.tbi:md5,b9ef1d6f6f5fe690d53195c464a74aa6",
                "Sample8_CNVs_ExomeDepth_autosomal.txt:md5,c88e6707bac644bab156de00ef3dd0d9",
                "Sample8_CNVs_ExomeDepth_chrX.txt:md5,ab14fc3d50a06417c3a78b5585f33821",
                "Sample9_CNVs_ExomeDepth.txt:md5,ab14fc3d50a06417c3a78b5585f33821",
                "Sample9_CNVs_ExomeDepth.vcf.gz:md5,a1525a3a571010175e0ca572e7b08d86",
                "Sample9_CNVs_ExomeDepth.vcf.gz.tbi:md5,4cb176febbc8c26d717a6c6e67b9c905",
                "Sample9_CNVs_ExomeDepth_autosomal.txt:md5,ab14fc3d50a06417c3a78b5585f33821",
                "Sample9_CNVs_ExomeDepth_chrX.txt:md5,ab14fc3d50a06417c3a78b5585f33821",
                "Sample10_autosomal.txt:md5,34729758172a399bb6095006ebf9e28d",
                "Sample10_chrX.txt:md5,7f1453e531c9c49315a74dd77863409a",
                "Sample1_autosomal.txt:md5,38b5cbbe36f1561d05e9318c972f947a",
                "Sample1_chrX.txt:md5,44f00266244fb326910393c3b26d5a3a",
                "Sample2_autosomal.txt:md5,2c5432d201c416ce66622c983237737e",
                "Sample2_chrX.txt:md5,e84bb1f4217bcbf332d5794ff9bd1a59",
                "Sample3_autosomal.txt:md5,0e78be26fe4ad8d77c0f1945fdfa671f",
                "Sample3_chrX.txt:md5,2b32d85ea23405596afded674deafcdb",
                "Sample4_autosomal.txt:md5,fbb5b09c055528da79cb53be8ef4f35e",
                "Sample4_chrX.txt:md5,75f7defd57170e73bc9a5d8410d1dd11",
                "Sample5_autosomal.txt:md5,67feb6e096ca1d22c085e66ec8867fde",
                "Sample5_chrX.txt:md5,629a3be3d358c32fdf3bad2023b556e9",
                "Sample6_autosomal.txt:md5,2bf73f6c45d3dfb92de4778aa2465167",
                "Sample6_chrX.txt:md5,7467efdc098fefb901f0b02985f45a82",
                "Sample7_autosomal.txt:md5,af9a0ea819fd919129e5b37d7cc05ada",
                "Sample7_chrX.txt:md5,16c071d0a29f58b91c45945c11f9da1b",
                "Sample8_autosomal.txt:md5,66a7be716bed8913acb1b3e10bde1883",
                "Sample8_chrX.txt:md5,3547d65864030dd6bc9116422267cf37",
                "Sample9_autosomal.txt:md5,4e79d5979dd2bb88923c0be0b44ad318",
                "Sample9_chrX.txt:md5,4d4850df52dae010bf22bffe83e9027f",
                "poolF_autosomal.txt:md5,bad3277e8e80211cce8b8b19d6971d5f",
                "poolF_chrX.txt:md5,210ab56b13fa570f3e37ea1748f78af1",
                "poolM_autosomal.txt:md5,3d29708ddc616bf164d0ce5bce52f456",
                "poolM_chrX.txt:md5,6baa8d5ad628dff261af098abe962948",
                "samplesheet.csv:md5,d56e3cba87a7dbf673ce020c9a966f15"
            ]
        ],
        "meta": {
            "nf-test": "0.9.0",
            "nextflow": "24.04.4"
        },
        "timestamp": "2024-10-21T13:49:25.560201"
    },
    "exomedepth_bam": {
        "content": [
            75,
            {
                "BEDGOVCF": {
                    "bedgovcf": "0.1.0"
                },
                "CNV_CALL_AUTO": {
                    "ExomeDepth": "1.1.16",
                    "R": "Rscript (R) version 4.3.1 (2023-06-16)"
                },
                "CNV_MERGE": {
                    "head": 9.3,
                    "tail": 9.3,
                    "sort": 9.3
                },
                "COUNT_AUTO": {
                    "ExomeDepth": "1.1.16",
                    "R": "Rscript (R) version 4.3.1 (2023-06-16)"
                },
                "COUNT_MERGE_AUTO": {
                    "paste": 9.3,
                    "mv": 9.3,
                    "cp": 9.3
                },
                "TABIX": {
                    "tabix": 1.2
                },
                "Workflow": {
                    "nf-cmgg/exomecnv": "v1.0.2"
                }
            },
            [
                "exomedepth",
                "exomedepth/cnv_call",
                "exomedepth/cnv_call/Sample10_CNVs_ExomeDepth.txt",
                "exomedepth/cnv_call/Sample10_CNVs_ExomeDepth.vcf.gz",
                "exomedepth/cnv_call/Sample10_CNVs_ExomeDepth.vcf.gz.tbi",
                "exomedepth/cnv_call/Sample10_CNVs_ExomeDepth_autosomal.txt",
                "exomedepth/cnv_call/Sample10_CNVs_ExomeDepth_chrX.txt",
                "exomedepth/cnv_call/Sample1_CNVs_ExomeDepth.txt",
                "exomedepth/cnv_call/Sample1_CNVs_ExomeDepth.vcf.gz",
                "exomedepth/cnv_call/Sample1_CNVs_ExomeDepth.vcf.gz.tbi",
                "exomedepth/cnv_call/Sample1_CNVs_ExomeDepth_autosomal.txt",
                "exomedepth/cnv_call/Sample1_CNVs_ExomeDepth_chrX.txt",
                "exomedepth/cnv_call/Sample2_CNVs_ExomeDepth.txt",
                "exomedepth/cnv_call/Sample2_CNVs_ExomeDepth.vcf.gz",
                "exomedepth/cnv_call/Sample2_CNVs_ExomeDepth.vcf.gz.tbi",
                "exomedepth/cnv_call/Sample2_CNVs_ExomeDepth_autosomal.txt",
                "exomedepth/cnv_call/Sample2_CNVs_ExomeDepth_chrX.txt",
                "exomedepth/cnv_call/Sample3_CNVs_ExomeDepth.txt",
                "exomedepth/cnv_call/Sample3_CNVs_ExomeDepth.vcf.gz",
                "exomedepth/cnv_call/Sample3_CNVs_ExomeDepth.vcf.gz.tbi",
                "exomedepth/cnv_call/Sample3_CNVs_ExomeDepth_autosomal.txt",
                "exomedepth/cnv_call/Sample3_CNVs_ExomeDepth_chrX.txt",
                "exomedepth/cnv_call/Sample4_CNVs_ExomeDepth.txt",
                "exomedepth/cnv_call/Sample4_CNVs_ExomeDepth.vcf.gz",
                "exomedepth/cnv_call/Sample4_CNVs_ExomeDepth.vcf.gz.tbi",
                "exomedepth/cnv_call/Sample4_CNVs_ExomeDepth_autosomal.txt",
                "exomedepth/cnv_call/Sample4_CNVs_ExomeDepth_chrX.txt",
                "exomedepth/cnv_call/Sample5_CNVs_ExomeDepth.txt",
                "exomedepth/cnv_call/Sample5_CNVs_ExomeDepth.vcf.gz",
                "exomedepth/cnv_call/Sample5_CNVs_ExomeDepth.vcf.gz.tbi",
                "exomedepth/cnv_call/Sample5_CNVs_ExomeDepth_autosomal.txt",
                "exomedepth/cnv_call/Sample5_CNVs_ExomeDepth_chrX.txt",
                "exomedepth/cnv_call/Sample6_CNVs_ExomeDepth.txt",
                "exomedepth/cnv_call/Sample6_CNVs_ExomeDepth.vcf.gz",
                "exomedepth/cnv_call/Sample6_CNVs_ExomeDepth.vcf.gz.tbi",
                "exomedepth/cnv_call/Sample6_CNVs_ExomeDepth_autosomal.txt",
                "exomedepth/cnv_call/Sample6_CNVs_ExomeDepth_chrX.txt",
                "exomedepth/cnv_call/Sample7_CNVs_ExomeDepth.txt",
                "exomedepth/cnv_call/Sample7_CNVs_ExomeDepth.vcf.gz",
                "exomedepth/cnv_call/Sample7_CNVs_ExomeDepth.vcf.gz.tbi",
                "exomedepth/cnv_call/Sample7_CNVs_ExomeDepth_autosomal.txt",
                "exomedepth/cnv_call/Sample7_CNVs_ExomeDepth_chrX.txt",
                "exomedepth/cnv_call/Sample8_CNVs_ExomeDepth.txt",
                "exomedepth/cnv_call/Sample8_CNVs_ExomeDepth.vcf.gz",
                "exomedepth/cnv_call/Sample8_CNVs_ExomeDepth.vcf.gz.tbi",
                "exomedepth/cnv_call/Sample8_CNVs_ExomeDepth_autosomal.txt",
                "exomedepth/cnv_call/Sample8_CNVs_ExomeDepth_chrX.txt",
                "exomedepth/cnv_call/Sample9_CNVs_ExomeDepth.txt",
                "exomedepth/cnv_call/Sample9_CNVs_ExomeDepth.vcf.gz",
                "exomedepth/cnv_call/Sample9_CNVs_ExomeDepth.vcf.gz.tbi",
                "exomedepth/cnv_call/Sample9_CNVs_ExomeDepth_autosomal.txt",
                "exomedepth/cnv_call/Sample9_CNVs_ExomeDepth_chrX.txt",
                "exomedepth/cnv_call/versions.yml",
                "exomedepth/counts",
                "exomedepth/counts/Sample10_autosomal.txt",
                "exomedepth/counts/Sample10_chrX.txt",
                "exomedepth/counts/Sample1_autosomal.txt",
                "exomedepth/counts/Sample1_chrX.txt",
                "exomedepth/counts/Sample2_autosomal.txt",
                "exomedepth/counts/Sample2_chrX.txt",
                "exomedepth/counts/Sample3_autosomal.txt",
                "exomedepth/counts/Sample3_chrX.txt",
                "exomedepth/counts/Sample4_autosomal.txt",
                "exomedepth/counts/Sample4_chrX.txt",
                "exomedepth/counts/Sample5_autosomal.txt",
                "exomedepth/counts/Sample5_chrX.txt",
                "exomedepth/counts/Sample6_autosomal.txt",
                "exomedepth/counts/Sample6_chrX.txt",
                "exomedepth/counts/Sample7_autosomal.txt",
                "exomedepth/counts/Sample7_chrX.txt",
                "exomedepth/counts/Sample8_autosomal.txt",
                "exomedepth/counts/Sample8_chrX.txt",
                "exomedepth/counts/Sample9_autosomal.txt",
                "exomedepth/counts/Sample9_chrX.txt",
                "exomedepth/counts/poolF_autosomal.txt",
                "exomedepth/counts/poolF_chrX.txt",
                "exomedepth/counts/poolM_autosomal.txt",
                "exomedepth/counts/poolM_chrX.txt",
                "exomedepth/counts/versions.yml",
                "multiqc",
                "multiqc/multiqc_data",
                "multiqc/multiqc_data/multiqc.log",
                "multiqc/multiqc_data/multiqc_citations.txt",
                "multiqc/multiqc_data/multiqc_data.json",
                "multiqc/multiqc_data/multiqc_software_versions.txt",
                "multiqc/multiqc_data/multiqc_sources.txt",
                "multiqc/multiqc_report.html",
                "pipeline_info",
                "pipeline_info/nf_core_pipeline_software_mqc_versions.yml",
                "samplesheet.csv"
            ],
            [
                "Sample10_CNVs_ExomeDepth.txt:md5,ab14fc3d50a06417c3a78b5585f33821",
                "Sample10_CNVs_ExomeDepth.vcf.gz:md5,a42efd2ccef7b715adcccae9540ce4b3",
                "Sample10_CNVs_ExomeDepth.vcf.gz.tbi:md5,4cb176febbc8c26d717a6c6e67b9c905",
                "Sample10_CNVs_ExomeDepth_autosomal.txt:md5,ab14fc3d50a06417c3a78b5585f33821",
                "Sample10_CNVs_ExomeDepth_chrX.txt:md5,ab14fc3d50a06417c3a78b5585f33821",
                "Sample1_CNVs_ExomeDepth.txt:md5,cd414909ef75fbabb7a3e33b0ae13ea4",
                "Sample1_CNVs_ExomeDepth.vcf.gz:md5,0cedfb3efc559241b6144a60bba68fdf",
                "Sample1_CNVs_ExomeDepth.vcf.gz.tbi:md5,d25307f715ac9d5c5bee6ef673e203b8",
                "Sample1_CNVs_ExomeDepth_autosomal.txt:md5,cd414909ef75fbabb7a3e33b0ae13ea4",
                "Sample1_CNVs_ExomeDepth_chrX.txt:md5,ab14fc3d50a06417c3a78b5585f33821",
                "Sample2_CNVs_ExomeDepth.txt:md5,c87a3f77a285b6183864c5a05abc9c79",
                "Sample2_CNVs_ExomeDepth.vcf.gz:md5,6fec781143d62e98f18a5ca60c7839ff",
                "Sample2_CNVs_ExomeDepth.vcf.gz.tbi:md5,fada2dcee815e7c4ee05eca0db6437ff",
                "Sample2_CNVs_ExomeDepth_autosomal.txt:md5,c87a3f77a285b6183864c5a05abc9c79",
                "Sample2_CNVs_ExomeDepth_chrX.txt:md5,ab14fc3d50a06417c3a78b5585f33821",
                "Sample3_CNVs_ExomeDepth.txt:md5,d398d6337a6f4c619d539ea82d2c09f6",
                "Sample3_CNVs_ExomeDepth.vcf.gz:md5,8a5d0b2deed07cba8a22edf61e4b272d",
                "Sample3_CNVs_ExomeDepth.vcf.gz.tbi:md5,d7c268cb5f45a154532c2d3854d768e4",
                "Sample3_CNVs_ExomeDepth_autosomal.txt:md5,d398d6337a6f4c619d539ea82d2c09f6",
                "Sample3_CNVs_ExomeDepth_chrX.txt:md5,ab14fc3d50a06417c3a78b5585f33821",
                "Sample4_CNVs_ExomeDepth.txt:md5,8c6ff9f118ac5e7bbb9398f58cbd0141",
                "Sample4_CNVs_ExomeDepth.vcf.gz:md5,006cb9dcb010bcc99b0c171ea81888fa",
                "Sample4_CNVs_ExomeDepth.vcf.gz.tbi:md5,8cb9b758da84440dea92cefbb0adf63a",
                "Sample4_CNVs_ExomeDepth_autosomal.txt:md5,8c6ff9f118ac5e7bbb9398f58cbd0141",
                "Sample4_CNVs_ExomeDepth_chrX.txt:md5,ab14fc3d50a06417c3a78b5585f33821",
                "Sample5_CNVs_ExomeDepth.txt:md5,2ff3f4981afd22e42a66a628d472137f",
                "Sample5_CNVs_ExomeDepth.vcf.gz:md5,59568ae2bae4fb826df413a116743772",
                "Sample5_CNVs_ExomeDepth.vcf.gz.tbi:md5,9720b7434ba06d5588005990628c04ff",
                "Sample5_CNVs_ExomeDepth_autosomal.txt:md5,2ff3f4981afd22e42a66a628d472137f",
                "Sample5_CNVs_ExomeDepth_chrX.txt:md5,ab14fc3d50a06417c3a78b5585f33821",
                "Sample6_CNVs_ExomeDepth.txt:md5,4f2d6da63ad804fe540d981c19a1c84b",
                "Sample6_CNVs_ExomeDepth.vcf.gz:md5,f3bd780b5c17ccc432fdff2ea73ca938",
                "Sample6_CNVs_ExomeDepth.vcf.gz.tbi:md5,8d0e7882d396f24b62eae6dea893d767",
                "Sample6_CNVs_ExomeDepth_autosomal.txt:md5,2c42a1c4dd769d93ff9ca4c10906fcf2",
                "Sample6_CNVs_ExomeDepth_chrX.txt:md5,2bd7c2ad37c613c53874e68da3623917",
                "Sample7_CNVs_ExomeDepth.txt:md5,219ce7d0d9d748af467acd9e5371963e",
                "Sample7_CNVs_ExomeDepth.vcf.gz:md5,368e4f7ebfeea2a819b0439fd1125b96",
                "Sample7_CNVs_ExomeDepth.vcf.gz.tbi:md5,8e09b4a2f3df7b8215a3945e9603c5d0",
                "Sample7_CNVs_ExomeDepth_autosomal.txt:md5,9f5eb01449b8cf25a9db48259aa8dd67",
                "Sample7_CNVs_ExomeDepth_chrX.txt:md5,776686dd9cd7638bcac7978924ea5f5e",
                "Sample8_CNVs_ExomeDepth.txt:md5,c88e6707bac644bab156de00ef3dd0d9",
                "Sample8_CNVs_ExomeDepth.vcf.gz:md5,0826586967e3b3aa24d3ac8cad7ec532",
                "Sample8_CNVs_ExomeDepth.vcf.gz.tbi:md5,b9ef1d6f6f5fe690d53195c464a74aa6",
                "Sample8_CNVs_ExomeDepth_autosomal.txt:md5,c88e6707bac644bab156de00ef3dd0d9",
                "Sample8_CNVs_ExomeDepth_chrX.txt:md5,ab14fc3d50a06417c3a78b5585f33821",
                "Sample9_CNVs_ExomeDepth.txt:md5,ab14fc3d50a06417c3a78b5585f33821",
                "Sample9_CNVs_ExomeDepth.vcf.gz:md5,a1525a3a571010175e0ca572e7b08d86",
                "Sample9_CNVs_ExomeDepth.vcf.gz.tbi:md5,4cb176febbc8c26d717a6c6e67b9c905",
                "Sample9_CNVs_ExomeDepth_autosomal.txt:md5,ab14fc3d50a06417c3a78b5585f33821",
                "Sample9_CNVs_ExomeDepth_chrX.txt:md5,ab14fc3d50a06417c3a78b5585f33821",
                "Sample10_autosomal.txt:md5,34729758172a399bb6095006ebf9e28d",
                "Sample10_chrX.txt:md5,7f1453e531c9c49315a74dd77863409a",
                "Sample1_autosomal.txt:md5,38b5cbbe36f1561d05e9318c972f947a",
                "Sample1_chrX.txt:md5,44f00266244fb326910393c3b26d5a3a",
                "Sample2_autosomal.txt:md5,2c5432d201c416ce66622c983237737e",
                "Sample2_chrX.txt:md5,e84bb1f4217bcbf332d5794ff9bd1a59",
                "Sample3_autosomal.txt:md5,0e78be26fe4ad8d77c0f1945fdfa671f",
                "Sample3_chrX.txt:md5,2b32d85ea23405596afded674deafcdb",
                "Sample4_autosomal.txt:md5,fbb5b09c055528da79cb53be8ef4f35e",
                "Sample4_chrX.txt:md5,75f7defd57170e73bc9a5d8410d1dd11",
                "Sample5_autosomal.txt:md5,67feb6e096ca1d22c085e66ec8867fde",
                "Sample5_chrX.txt:md5,629a3be3d358c32fdf3bad2023b556e9",
                "Sample6_autosomal.txt:md5,2bf73f6c45d3dfb92de4778aa2465167",
                "Sample6_chrX.txt:md5,7467efdc098fefb901f0b02985f45a82",
                "Sample7_autosomal.txt:md5,af9a0ea819fd919129e5b37d7cc05ada",
                "Sample7_chrX.txt:md5,16c071d0a29f58b91c45945c11f9da1b",
                "Sample8_autosomal.txt:md5,66a7be716bed8913acb1b3e10bde1883",
                "Sample8_chrX.txt:md5,3547d65864030dd6bc9116422267cf37",
                "Sample9_autosomal.txt:md5,4e79d5979dd2bb88923c0be0b44ad318",
                "Sample9_chrX.txt:md5,4d4850df52dae010bf22bffe83e9027f",
                "poolF_autosomal.txt:md5,bad3277e8e80211cce8b8b19d6971d5f",
                "poolF_chrX.txt:md5,210ab56b13fa570f3e37ea1748f78af1",
                "poolM_autosomal.txt:md5,3d29708ddc616bf164d0ce5bce52f456",
                "poolM_chrX.txt:md5,6baa8d5ad628dff261af098abe962948",
                "samplesheet.csv:md5,f57796198c02dc89d406671306d87225"
            ]
        ],
        "meta": {
            "nf-test": "0.9.0",
            "nextflow": "24.04.4"
        },
        "timestamp": "2024-10-21T13:58:01.629971"
    },
    "exomedepth_cram + annotate": {
        "content": [
            105,
            {
                "BEDGOVCF": {
                    "bedgovcf": "0.1.0"
                },
                "CNV_CALL_AUTO": {
                    "ExomeDepth": "1.1.16",
                    "R": "Rscript (R) version 4.3.1 (2023-06-16)"
                },
                "CNV_MERGE": {
                    "head": 9.3,
                    "tail": 9.3,
                    "sort": 9.3
                },
                "COUNT_AUTO": {
                    "ExomeDepth": "1.1.16",
                    "R": "Rscript (R) version 4.3.1 (2023-06-16)"
                },
                "COUNT_MERGE_AUTO": {
                    "paste": 9.3,
                    "mv": 9.3,
                    "cp": 9.3
                },
                "CRAM_PREPARE": {
                    "samtools": 1.21
                },
                "TABIX": {
                    "tabix": 1.2
                },
                "TABIX_VEP": {
                    "tabix": 1.2
                },
                "VEP": {
                    "ensemblvep": 112.0
                },
                "Workflow": {
                    "nf-cmgg/exomecnv": "v1.0.2"
                }
            },
            [
                "exomedepth",
                "exomedepth/cnv_call",
                "exomedepth/cnv_call/Sample10_CNVs_ExomeDepth.txt",
                "exomedepth/cnv_call/Sample10_CNVs_ExomeDepth.vcf.gz",
                "exomedepth/cnv_call/Sample10_CNVs_ExomeDepth.vcf.gz.tbi",
                "exomedepth/cnv_call/Sample10_CNVs_ExomeDepth_autosomal.txt",
                "exomedepth/cnv_call/Sample10_CNVs_ExomeDepth_chrX.txt",
                "exomedepth/cnv_call/Sample1_CNVs_ExomeDepth.txt",
                "exomedepth/cnv_call/Sample1_CNVs_ExomeDepth.vcf.gz",
                "exomedepth/cnv_call/Sample1_CNVs_ExomeDepth.vcf.gz.tbi",
                "exomedepth/cnv_call/Sample1_CNVs_ExomeDepth_autosomal.txt",
                "exomedepth/cnv_call/Sample1_CNVs_ExomeDepth_chrX.txt",
                "exomedepth/cnv_call/Sample2_CNVs_ExomeDepth.txt",
                "exomedepth/cnv_call/Sample2_CNVs_ExomeDepth.vcf.gz",
                "exomedepth/cnv_call/Sample2_CNVs_ExomeDepth.vcf.gz.tbi",
                "exomedepth/cnv_call/Sample2_CNVs_ExomeDepth_autosomal.txt",
                "exomedepth/cnv_call/Sample2_CNVs_ExomeDepth_chrX.txt",
                "exomedepth/cnv_call/Sample3_CNVs_ExomeDepth.txt",
                "exomedepth/cnv_call/Sample3_CNVs_ExomeDepth.vcf.gz",
                "exomedepth/cnv_call/Sample3_CNVs_ExomeDepth.vcf.gz.tbi",
                "exomedepth/cnv_call/Sample3_CNVs_ExomeDepth_autosomal.txt",
                "exomedepth/cnv_call/Sample3_CNVs_ExomeDepth_chrX.txt",
                "exomedepth/cnv_call/Sample4_CNVs_ExomeDepth.txt",
                "exomedepth/cnv_call/Sample4_CNVs_ExomeDepth.vcf.gz",
                "exomedepth/cnv_call/Sample4_CNVs_ExomeDepth.vcf.gz.tbi",
                "exomedepth/cnv_call/Sample4_CNVs_ExomeDepth_autosomal.txt",
                "exomedepth/cnv_call/Sample4_CNVs_ExomeDepth_chrX.txt",
                "exomedepth/cnv_call/Sample5_CNVs_ExomeDepth.txt",
                "exomedepth/cnv_call/Sample5_CNVs_ExomeDepth.vcf.gz",
                "exomedepth/cnv_call/Sample5_CNVs_ExomeDepth.vcf.gz.tbi",
                "exomedepth/cnv_call/Sample5_CNVs_ExomeDepth_autosomal.txt",
                "exomedepth/cnv_call/Sample5_CNVs_ExomeDepth_chrX.txt",
                "exomedepth/cnv_call/Sample6_CNVs_ExomeDepth.txt",
                "exomedepth/cnv_call/Sample6_CNVs_ExomeDepth.vcf.gz",
                "exomedepth/cnv_call/Sample6_CNVs_ExomeDepth.vcf.gz.tbi",
                "exomedepth/cnv_call/Sample6_CNVs_ExomeDepth_autosomal.txt",
                "exomedepth/cnv_call/Sample6_CNVs_ExomeDepth_chrX.txt",
                "exomedepth/cnv_call/Sample7_CNVs_ExomeDepth.txt",
                "exomedepth/cnv_call/Sample7_CNVs_ExomeDepth.vcf.gz",
                "exomedepth/cnv_call/Sample7_CNVs_ExomeDepth.vcf.gz.tbi",
                "exomedepth/cnv_call/Sample7_CNVs_ExomeDepth_autosomal.txt",
                "exomedepth/cnv_call/Sample7_CNVs_ExomeDepth_chrX.txt",
                "exomedepth/cnv_call/Sample8_CNVs_ExomeDepth.txt",
                "exomedepth/cnv_call/Sample8_CNVs_ExomeDepth.vcf.gz",
                "exomedepth/cnv_call/Sample8_CNVs_ExomeDepth.vcf.gz.tbi",
                "exomedepth/cnv_call/Sample8_CNVs_ExomeDepth_autosomal.txt",
                "exomedepth/cnv_call/Sample8_CNVs_ExomeDepth_chrX.txt",
                "exomedepth/cnv_call/Sample9_CNVs_ExomeDepth.txt",
                "exomedepth/cnv_call/Sample9_CNVs_ExomeDepth.vcf.gz",
                "exomedepth/cnv_call/Sample9_CNVs_ExomeDepth.vcf.gz.tbi",
                "exomedepth/cnv_call/Sample9_CNVs_ExomeDepth_autosomal.txt",
                "exomedepth/cnv_call/Sample9_CNVs_ExomeDepth_chrX.txt",
                "exomedepth/cnv_call/versions.yml",
                "exomedepth/cnv_call_vep",
                "exomedepth/cnv_call_vep/Sample1.vep.vcf.gz",
                "exomedepth/cnv_call_vep/Sample1.vep.vcf.gz.tbi",
                "exomedepth/cnv_call_vep/Sample10.vep.vcf.gz",
                "exomedepth/cnv_call_vep/Sample10.vep.vcf.gz.tbi",
                "exomedepth/cnv_call_vep/Sample2.vep.vcf.gz",
                "exomedepth/cnv_call_vep/Sample2.vep.vcf.gz.tbi",
                "exomedepth/cnv_call_vep/Sample3.vep.vcf.gz",
                "exomedepth/cnv_call_vep/Sample3.vep.vcf.gz.tbi",
                "exomedepth/cnv_call_vep/Sample4.vep.vcf.gz",
                "exomedepth/cnv_call_vep/Sample4.vep.vcf.gz.tbi",
                "exomedepth/cnv_call_vep/Sample5.vep.vcf.gz",
                "exomedepth/cnv_call_vep/Sample5.vep.vcf.gz.tbi",
                "exomedepth/cnv_call_vep/Sample6.vep.vcf.gz",
                "exomedepth/cnv_call_vep/Sample6.vep.vcf.gz.tbi",
                "exomedepth/cnv_call_vep/Sample7.vep.vcf.gz",
                "exomedepth/cnv_call_vep/Sample7.vep.vcf.gz.tbi",
                "exomedepth/cnv_call_vep/Sample8.vep.vcf.gz",
                "exomedepth/cnv_call_vep/Sample8.vep.vcf.gz.tbi",
                "exomedepth/cnv_call_vep/Sample9.vep.vcf.gz",
                "exomedepth/cnv_call_vep/Sample9.vep.vcf.gz.tbi",
                "exomedepth/cnv_call_vep/versions.yml",
                "exomedepth/counts",
                "exomedepth/counts/Sample10_autosomal.txt",
                "exomedepth/counts/Sample10_chrX.txt",
                "exomedepth/counts/Sample1_autosomal.txt",
                "exomedepth/counts/Sample1_chrX.txt",
                "exomedepth/counts/Sample2_autosomal.txt",
                "exomedepth/counts/Sample2_chrX.txt",
                "exomedepth/counts/Sample3_autosomal.txt",
                "exomedepth/counts/Sample3_chrX.txt",
                "exomedepth/counts/Sample4_autosomal.txt",
                "exomedepth/counts/Sample4_chrX.txt",
                "exomedepth/counts/Sample5_autosomal.txt",
                "exomedepth/counts/Sample5_chrX.txt",
                "exomedepth/counts/Sample6_autosomal.txt",
                "exomedepth/counts/Sample6_chrX.txt",
                "exomedepth/counts/Sample7_autosomal.txt",
                "exomedepth/counts/Sample7_chrX.txt",
                "exomedepth/counts/Sample8_autosomal.txt",
                "exomedepth/counts/Sample8_chrX.txt",
                "exomedepth/counts/Sample9_autosomal.txt",
                "exomedepth/counts/Sample9_chrX.txt",
                "exomedepth/counts/poolF_autosomal.txt",
                "exomedepth/counts/poolF_chrX.txt",
                "exomedepth/counts/poolM_autosomal.txt",
                "exomedepth/counts/poolM_chrX.txt",
                "exomedepth/counts/versions.yml",
                "multiqc",
                "multiqc/multiqc_data",
                "multiqc/multiqc_data/multiqc.log",
                "multiqc/multiqc_data/multiqc_citations.txt",
                "multiqc/multiqc_data/multiqc_data.json",
                "multiqc/multiqc_data/multiqc_software_versions.txt",
                "multiqc/multiqc_data/multiqc_sources.txt",
                "multiqc/multiqc_report.html",
                "pipeline_info",
                "pipeline_info/nf_core_pipeline_software_mqc_versions.yml",
                "samplesheet.csv"
            ],
            [
                "Sample10_CNVs_ExomeDepth.txt:md5,ab14fc3d50a06417c3a78b5585f33821",
                "Sample10_CNVs_ExomeDepth.vcf.gz:md5,a42efd2ccef7b715adcccae9540ce4b3",
                "Sample10_CNVs_ExomeDepth.vcf.gz.tbi:md5,4cb176febbc8c26d717a6c6e67b9c905",
                "Sample10_CNVs_ExomeDepth_autosomal.txt:md5,ab14fc3d50a06417c3a78b5585f33821",
                "Sample10_CNVs_ExomeDepth_chrX.txt:md5,ab14fc3d50a06417c3a78b5585f33821",
                "Sample1_CNVs_ExomeDepth.txt:md5,cd414909ef75fbabb7a3e33b0ae13ea4",
                "Sample1_CNVs_ExomeDepth.vcf.gz:md5,0cedfb3efc559241b6144a60bba68fdf",
                "Sample1_CNVs_ExomeDepth.vcf.gz.tbi:md5,d25307f715ac9d5c5bee6ef673e203b8",
                "Sample1_CNVs_ExomeDepth_autosomal.txt:md5,cd414909ef75fbabb7a3e33b0ae13ea4",
                "Sample1_CNVs_ExomeDepth_chrX.txt:md5,ab14fc3d50a06417c3a78b5585f33821",
                "Sample2_CNVs_ExomeDepth.txt:md5,c87a3f77a285b6183864c5a05abc9c79",
                "Sample2_CNVs_ExomeDepth.vcf.gz:md5,6fec781143d62e98f18a5ca60c7839ff",
                "Sample2_CNVs_ExomeDepth.vcf.gz.tbi:md5,fada2dcee815e7c4ee05eca0db6437ff",
                "Sample2_CNVs_ExomeDepth_autosomal.txt:md5,c87a3f77a285b6183864c5a05abc9c79",
                "Sample2_CNVs_ExomeDepth_chrX.txt:md5,ab14fc3d50a06417c3a78b5585f33821",
                "Sample3_CNVs_ExomeDepth.txt:md5,d398d6337a6f4c619d539ea82d2c09f6",
                "Sample3_CNVs_ExomeDepth.vcf.gz:md5,8a5d0b2deed07cba8a22edf61e4b272d",
                "Sample3_CNVs_ExomeDepth.vcf.gz.tbi:md5,d7c268cb5f45a154532c2d3854d768e4",
                "Sample3_CNVs_ExomeDepth_autosomal.txt:md5,d398d6337a6f4c619d539ea82d2c09f6",
                "Sample3_CNVs_ExomeDepth_chrX.txt:md5,ab14fc3d50a06417c3a78b5585f33821",
                "Sample4_CNVs_ExomeDepth.txt:md5,8c6ff9f118ac5e7bbb9398f58cbd0141",
                "Sample4_CNVs_ExomeDepth.vcf.gz:md5,006cb9dcb010bcc99b0c171ea81888fa",
                "Sample4_CNVs_ExomeDepth.vcf.gz.tbi:md5,8cb9b758da84440dea92cefbb0adf63a",
                "Sample4_CNVs_ExomeDepth_autosomal.txt:md5,8c6ff9f118ac5e7bbb9398f58cbd0141",
                "Sample4_CNVs_ExomeDepth_chrX.txt:md5,ab14fc3d50a06417c3a78b5585f33821",
                "Sample5_CNVs_ExomeDepth.txt:md5,2ff3f4981afd22e42a66a628d472137f",
                "Sample5_CNVs_ExomeDepth.vcf.gz:md5,59568ae2bae4fb826df413a116743772",
                "Sample5_CNVs_ExomeDepth.vcf.gz.tbi:md5,9720b7434ba06d5588005990628c04ff",
                "Sample5_CNVs_ExomeDepth_autosomal.txt:md5,2ff3f4981afd22e42a66a628d472137f",
                "Sample5_CNVs_ExomeDepth_chrX.txt:md5,ab14fc3d50a06417c3a78b5585f33821",
                "Sample6_CNVs_ExomeDepth.txt:md5,4f2d6da63ad804fe540d981c19a1c84b",
                "Sample6_CNVs_ExomeDepth.vcf.gz:md5,f3bd780b5c17ccc432fdff2ea73ca938",
                "Sample6_CNVs_ExomeDepth.vcf.gz.tbi:md5,8d0e7882d396f24b62eae6dea893d767",
                "Sample6_CNVs_ExomeDepth_autosomal.txt:md5,2c42a1c4dd769d93ff9ca4c10906fcf2",
                "Sample6_CNVs_ExomeDepth_chrX.txt:md5,2bd7c2ad37c613c53874e68da3623917",
                "Sample7_CNVs_ExomeDepth.txt:md5,219ce7d0d9d748af467acd9e5371963e",
                "Sample7_CNVs_ExomeDepth.vcf.gz:md5,368e4f7ebfeea2a819b0439fd1125b96",
                "Sample7_CNVs_ExomeDepth.vcf.gz.tbi:md5,8e09b4a2f3df7b8215a3945e9603c5d0",
                "Sample7_CNVs_ExomeDepth_autosomal.txt:md5,9f5eb01449b8cf25a9db48259aa8dd67",
                "Sample7_CNVs_ExomeDepth_chrX.txt:md5,776686dd9cd7638bcac7978924ea5f5e",
                "Sample8_CNVs_ExomeDepth.txt:md5,c88e6707bac644bab156de00ef3dd0d9",
                "Sample8_CNVs_ExomeDepth.vcf.gz:md5,0826586967e3b3aa24d3ac8cad7ec532",
                "Sample8_CNVs_ExomeDepth.vcf.gz.tbi:md5,b9ef1d6f6f5fe690d53195c464a74aa6",
                "Sample8_CNVs_ExomeDepth_autosomal.txt:md5,c88e6707bac644bab156de00ef3dd0d9",
                "Sample8_CNVs_ExomeDepth_chrX.txt:md5,ab14fc3d50a06417c3a78b5585f33821",
                "Sample9_CNVs_ExomeDepth.txt:md5,ab14fc3d50a06417c3a78b5585f33821",
                "Sample9_CNVs_ExomeDepth.vcf.gz:md5,a1525a3a571010175e0ca572e7b08d86",
                "Sample9_CNVs_ExomeDepth.vcf.gz.tbi:md5,4cb176febbc8c26d717a6c6e67b9c905",
                "Sample9_CNVs_ExomeDepth_autosomal.txt:md5,ab14fc3d50a06417c3a78b5585f33821",
                "Sample9_CNVs_ExomeDepth_chrX.txt:md5,ab14fc3d50a06417c3a78b5585f33821",
                "Sample10_autosomal.txt:md5,34729758172a399bb6095006ebf9e28d",
                "Sample10_chrX.txt:md5,7f1453e531c9c49315a74dd77863409a",
                "Sample1_autosomal.txt:md5,38b5cbbe36f1561d05e9318c972f947a",
                "Sample1_chrX.txt:md5,44f00266244fb326910393c3b26d5a3a",
                "Sample2_autosomal.txt:md5,2c5432d201c416ce66622c983237737e",
                "Sample2_chrX.txt:md5,e84bb1f4217bcbf332d5794ff9bd1a59",
                "Sample3_autosomal.txt:md5,0e78be26fe4ad8d77c0f1945fdfa671f",
                "Sample3_chrX.txt:md5,2b32d85ea23405596afded674deafcdb",
                "Sample4_autosomal.txt:md5,fbb5b09c055528da79cb53be8ef4f35e",
                "Sample4_chrX.txt:md5,75f7defd57170e73bc9a5d8410d1dd11",
                "Sample5_autosomal.txt:md5,67feb6e096ca1d22c085e66ec8867fde",
                "Sample5_chrX.txt:md5,629a3be3d358c32fdf3bad2023b556e9",
                "Sample6_autosomal.txt:md5,2bf73f6c45d3dfb92de4778aa2465167",
                "Sample6_chrX.txt:md5,7467efdc098fefb901f0b02985f45a82",
                "Sample7_autosomal.txt:md5,af9a0ea819fd919129e5b37d7cc05ada",
                "Sample7_chrX.txt:md5,16c071d0a29f58b91c45945c11f9da1b",
                "Sample8_autosomal.txt:md5,66a7be716bed8913acb1b3e10bde1883",
                "Sample8_chrX.txt:md5,3547d65864030dd6bc9116422267cf37",
                "Sample9_autosomal.txt:md5,4e79d5979dd2bb88923c0be0b44ad318",
                "Sample9_chrX.txt:md5,4d4850df52dae010bf22bffe83e9027f",
                "poolF_autosomal.txt:md5,bad3277e8e80211cce8b8b19d6971d5f",
                "poolF_chrX.txt:md5,210ab56b13fa570f3e37ea1748f78af1",
                "poolM_autosomal.txt:md5,3d29708ddc616bf164d0ce5bce52f456",
                "poolM_chrX.txt:md5,6baa8d5ad628dff261af098abe962948",
                "samplesheet.csv:md5,d56e3cba87a7dbf673ce020c9a966f15"
            ],
            [
                
            ]
        ],
        "meta": {
            "nf-test": "0.9.0",
            "nextflow": "24.04.4"
        },
        "timestamp": "2024-10-21T13:54:02.681712"
    }
}