{
    "homo_sapiens - [bed, config] - fai STUB": {
        "content": [
            {
                "0": [
                    [
                        {
                            "id": "test"
                        },
                        "test.vcf.gz:md5,68b329da9893e34099c7d8ad5cb9c940"
                    ]
                ],
                "1": [
                    "versions.yml:md5,27e259763ddc44796207f766afb94887"
                ],
                "vcf": [
                    [
                        {
                            "id": "test"
                        },
                        "test.vcf.gz:md5,68b329da9893e34099c7d8ad5cb9c940"
                    ]
                ],
                "versions": [
                    "versions.yml:md5,27e259763ddc44796207f766afb94887"
                ]
            }
        ],
        "meta": {
            "nf-test": "0.9.1",
            "nextflow": "24.10.1"
        },
        "timestamp": "2024-11-26T13:46:53.347280318"
    },
    "homo_sapiens - [bed, config] - fai": {
        "content": [
            {
                "0": [
                    [
                        {
                            "id": "test"
                        },
                        "test.vcf.gz:md5,3ddedac7fc0c0f8e8eda0d16e091f0bd"
                    ]
                ],
                "1": [
                    "versions.yml:md5,27e259763ddc44796207f766afb94887"
                ],
                "vcf": [
                    [
                        {
                            "id": "test"
                        },
                        "test.vcf.gz:md5,3ddedac7fc0c0f8e8eda0d16e091f0bd"
                    ]
                ],
                "versions": [
                    "versions.yml:md5,27e259763ddc44796207f766afb94887"
                ]
            }
        ],
        "meta": {
            "nf-test": "0.9.1",
            "nextflow": "24.10.1"
        },
        "timestamp": "2024-11-26T13:46:45.198935817"
    }
}