{
    "pipeline - VCF input": {
        "content": [
            11,
            {
                "ENSEMBLVEP_VEP": {
                    "ensemblvep": 115.2,
                    "perl-math-cdf": 0.1,
                    "tabix": "1.23.1"
                },
                "Workflow": {
                    "nf-cmgg/exomecnv": "v2.0.3"
                }
            },
            [
                "exomedepth",
                "exomedepth/cnv_call_vep",
                "exomedepth/cnv_call_vep/Sample1.cnvs.vep.vcf.gz",
                "exomedepth/cnv_call_vep/Sample1.cnvs.vep.vcf.gz.tbi",
                "exomedepth/cnv_call_vep/Sample1.cnvs.vep_summary.html",
                "exomedepth/cnv_call_vep/Sample10.cnvs.vep.vcf.gz",
                "exomedepth/cnv_call_vep/Sample10.cnvs.vep.vcf.gz.tbi",
                "exomedepth/cnv_call_vep/Sample10.cnvs.vep_summary.html",
                "exomedepth/cnv_call_vep/Sample2.cnvs.vep.vcf.gz",
                "exomedepth/cnv_call_vep/Sample2.cnvs.vep.vcf.gz.tbi",
                "exomedepth/cnv_call_vep/Sample2.cnvs.vep_summary.html",
                "exomedepth/cnv_call_vep/Sample3.cnvs.vep.vcf.gz",
                "exomedepth/cnv_call_vep/Sample3.cnvs.vep.vcf.gz.tbi",
                "exomedepth/cnv_call_vep/Sample3.cnvs.vep_summary.html",
                "exomedepth/cnv_call_vep/Sample4.cnvs.vep.vcf.gz",
                "exomedepth/cnv_call_vep/Sample4.cnvs.vep.vcf.gz.tbi",
                "exomedepth/cnv_call_vep/Sample4.cnvs.vep_summary.html",
                "exomedepth/cnv_call_vep/Sample5.cnvs.vep.vcf.gz",
                "exomedepth/cnv_call_vep/Sample5.cnvs.vep.vcf.gz.tbi",
                "exomedepth/cnv_call_vep/Sample5.cnvs.vep_summary.html",
                "exomedepth/cnv_call_vep/Sample6.cnvs.vep.vcf.gz",
                "exomedepth/cnv_call_vep/Sample6.cnvs.vep.vcf.gz.tbi",
                "exomedepth/cnv_call_vep/Sample6.cnvs.vep_summary.html",
                "exomedepth/cnv_call_vep/Sample7.cnvs.vep.vcf.gz",
                "exomedepth/cnv_call_vep/Sample7.cnvs.vep.vcf.gz.tbi",
                "exomedepth/cnv_call_vep/Sample7.cnvs.vep_summary.html",
                "exomedepth/cnv_call_vep/Sample8.cnvs.vep.vcf.gz",
                "exomedepth/cnv_call_vep/Sample8.cnvs.vep.vcf.gz.tbi",
                "exomedepth/cnv_call_vep/Sample8.cnvs.vep_summary.html",
                "exomedepth/cnv_call_vep/Sample9.cnvs.vep.vcf.gz",
                "exomedepth/cnv_call_vep/Sample9.cnvs.vep.vcf.gz.tbi",
                "exomedepth/cnv_call_vep/Sample9.cnvs.vep_summary.html",
                "multiqc",
                "multiqc/multiqc_data",
                "multiqc/multiqc_data/.stub",
                "multiqc/multiqc_plots",
                "multiqc/multiqc_plots/.stub",
                "multiqc/multiqc_report.html",
                "pipeline_info",
                "pipeline_info/exomecnv_software_mqc_versions.yml"
            ],
            [
                "Sample1.cnvs.vep.vcf.gz:md5,68b329da9893e34099c7d8ad5cb9c940",
                "Sample1.cnvs.vep.vcf.gz.tbi:md5,d41d8cd98f00b204e9800998ecf8427e",
                "Sample1.cnvs.vep_summary.html:md5,d41d8cd98f00b204e9800998ecf8427e",
                "Sample10.cnvs.vep.vcf.gz:md5,68b329da9893e34099c7d8ad5cb9c940",
                "Sample10.cnvs.vep.vcf.gz.tbi:md5,d41d8cd98f00b204e9800998ecf8427e",
                "Sample10.cnvs.vep_summary.html:md5,d41d8cd98f00b204e9800998ecf8427e",
                "Sample2.cnvs.vep.vcf.gz:md5,68b329da9893e34099c7d8ad5cb9c940",
                "Sample2.cnvs.vep.vcf.gz.tbi:md5,d41d8cd98f00b204e9800998ecf8427e",
                "Sample2.cnvs.vep_summary.html:md5,d41d8cd98f00b204e9800998ecf8427e",
                "Sample3.cnvs.vep.vcf.gz:md5,68b329da9893e34099c7d8ad5cb9c940",
                "Sample3.cnvs.vep.vcf.gz.tbi:md5,d41d8cd98f00b204e9800998ecf8427e",
                "Sample3.cnvs.vep_summary.html:md5,d41d8cd98f00b204e9800998ecf8427e",
                "Sample4.cnvs.vep.vcf.gz:md5,68b329da9893e34099c7d8ad5cb9c940",
                "Sample4.cnvs.vep.vcf.gz.tbi:md5,d41d8cd98f00b204e9800998ecf8427e",
                "Sample4.cnvs.vep_summary.html:md5,d41d8cd98f00b204e9800998ecf8427e",
                "Sample5.cnvs.vep.vcf.gz:md5,68b329da9893e34099c7d8ad5cb9c940",
                "Sample5.cnvs.vep.vcf.gz.tbi:md5,d41d8cd98f00b204e9800998ecf8427e",
                "Sample5.cnvs.vep_summary.html:md5,d41d8cd98f00b204e9800998ecf8427e",
                "Sample6.cnvs.vep.vcf.gz:md5,68b329da9893e34099c7d8ad5cb9c940",
                "Sample6.cnvs.vep.vcf.gz.tbi:md5,d41d8cd98f00b204e9800998ecf8427e",
                "Sample6.cnvs.vep_summary.html:md5,d41d8cd98f00b204e9800998ecf8427e",
                "Sample7.cnvs.vep.vcf.gz:md5,68b329da9893e34099c7d8ad5cb9c940",
                "Sample7.cnvs.vep.vcf.gz.tbi:md5,d41d8cd98f00b204e9800998ecf8427e",
                "Sample7.cnvs.vep_summary.html:md5,d41d8cd98f00b204e9800998ecf8427e",
                "Sample8.cnvs.vep.vcf.gz:md5,68b329da9893e34099c7d8ad5cb9c940",
                "Sample8.cnvs.vep.vcf.gz.tbi:md5,d41d8cd98f00b204e9800998ecf8427e",
                "Sample8.cnvs.vep_summary.html:md5,d41d8cd98f00b204e9800998ecf8427e",
                "Sample9.cnvs.vep.vcf.gz:md5,68b329da9893e34099c7d8ad5cb9c940",
                "Sample9.cnvs.vep.vcf.gz.tbi:md5,d41d8cd98f00b204e9800998ecf8427e",
                "Sample9.cnvs.vep_summary.html:md5,d41d8cd98f00b204e9800998ecf8427e",
                ".stub:md5,d41d8cd98f00b204e9800998ecf8427e",
                ".stub:md5,d41d8cd98f00b204e9800998ecf8427e"
            ]
        ],
        "timestamp": "2026-05-27T20:22:21.598508",
        "meta": {
            "nf-test": "0.9.5",
            "nextflow": "26.04.2"
        }
    }
}