{
    "exomedepth_cram": {
        "content": [
            85,
            {
                "BEDGOVCF": {
                    "bedgovcf": "0.1.0"
                },
                "CUSTOM_MERGECNV": {
                    "head": 9.3,
                    "tail": 9.3,
                    "sort": 9.3
                },
                "CUSTOM_MERGECOUNTS": {
                    "paste": 9.3,
                    "mv": 9.3,
                    "cp": 9.3
                },
                "EXOMEDEPTH_CALL": {
                    "ExomeDepth": "1.1.16",
                    "R": "Rscript (R) version 4.3.1 (2023-06-16)"
                },
                "EXOMEDEPTH_COUNT": {
                    "ExomeDepth": "1.1.16",
                    "R": "Rscript (R) version 4.3.1 (2023-06-16)"
                },
                "SAMTOOLS_CONVERT": {
                    "samtools": 1.21
                },
                "TABIX_TABIX": {
                    "tabix": 1.2
                },
                "Workflow": {
                    "nf-cmgg/exomecnv": "v1.2.0dev"
                }
            },
            [
                "exomedepth",
                "exomedepth/cnv_call",
                "exomedepth/cnv_call/Sample1.txt",
                "exomedepth/cnv_call/Sample1.vcf.gz",
                "exomedepth/cnv_call/Sample1.vcf.gz.tbi",
                "exomedepth/cnv_call/Sample10.txt",
                "exomedepth/cnv_call/Sample10.vcf.gz",
                "exomedepth/cnv_call/Sample10.vcf.gz.tbi",
                "exomedepth/cnv_call/Sample2.txt",
                "exomedepth/cnv_call/Sample2.vcf.gz",
                "exomedepth/cnv_call/Sample2.vcf.gz.tbi",
                "exomedepth/cnv_call/Sample3.txt",
                "exomedepth/cnv_call/Sample3.vcf.gz",
                "exomedepth/cnv_call/Sample3.vcf.gz.tbi",
                "exomedepth/cnv_call/Sample4.txt",
                "exomedepth/cnv_call/Sample4.vcf.gz",
                "exomedepth/cnv_call/Sample4.vcf.gz.tbi",
                "exomedepth/cnv_call/Sample5.txt",
                "exomedepth/cnv_call/Sample5.vcf.gz",
                "exomedepth/cnv_call/Sample5.vcf.gz.tbi",
                "exomedepth/cnv_call/Sample6.txt",
                "exomedepth/cnv_call/Sample6.vcf.gz",
                "exomedepth/cnv_call/Sample6.vcf.gz.tbi",
                "exomedepth/cnv_call/Sample7.txt",
                "exomedepth/cnv_call/Sample7.vcf.gz",
                "exomedepth/cnv_call/Sample7.vcf.gz.tbi",
                "exomedepth/cnv_call/Sample8.txt",
                "exomedepth/cnv_call/Sample8.vcf.gz",
                "exomedepth/cnv_call/Sample8.vcf.gz.tbi",
                "exomedepth/cnv_call/Sample9.txt",
                "exomedepth/cnv_call/Sample9.vcf.gz",
                "exomedepth/cnv_call/Sample9.vcf.gz.tbi",
                "exomedepth/counts",
                "exomedepth/counts/prep_F.autosomal.txt",
                "exomedepth/counts/prep_F.chrX.txt",
                "exomedepth/counts/prep_M.autosomal.txt",
                "exomedepth/counts/prep_M.chrX.txt",
                "multiqc",
                "multiqc/multiqc_data",
                "multiqc/multiqc_data/multiqc.log",
                "multiqc/multiqc_data/multiqc_citations.txt",
                "multiqc/multiqc_data/multiqc_data.json",
                "multiqc/multiqc_data/multiqc_software_versions.txt",
                "multiqc/multiqc_data/multiqc_sources.txt",
                "multiqc/multiqc_report.html",
                "pipeline_info",
                "pipeline_info/nf_core_pipeline_software_mqc_versions.yml",
                "samplesheet.csv"
            ],
            [
                "Sample1.txt:md5,cd414909ef75fbabb7a3e33b0ae13ea4",
                "Sample1.vcf.gz:md5,4441158ed8afc4957ffc6d7e7ef92d7b",
                "Sample1.vcf.gz.tbi:md5,21ad324d1390438ce618d504516077f8",
                "Sample10.txt:md5,ab14fc3d50a06417c3a78b5585f33821",
                "Sample10.vcf.gz:md5,6cf5396846734057bbb9bd63ba1ad08a",
                "Sample10.vcf.gz.tbi:md5,4cb176febbc8c26d717a6c6e67b9c905",
                "Sample2.txt:md5,c87a3f77a285b6183864c5a05abc9c79",
                "Sample2.vcf.gz:md5,e06db7db8d9b2e7c4c54bd2f3a7000a0",
                "Sample2.vcf.gz.tbi:md5,4f27122bb5c89ddc88ce81ec54c0060d",
                "Sample3.txt:md5,d398d6337a6f4c619d539ea82d2c09f6",
                "Sample3.vcf.gz:md5,2bf600b69ca31be1d5f040d29b96530e",
                "Sample3.vcf.gz.tbi:md5,fa7182e415ebdfe67917951a3d6acbbd",
                "Sample4.txt:md5,8c6ff9f118ac5e7bbb9398f58cbd0141",
                "Sample4.vcf.gz:md5,e587d3b1f3869599d12361d542fa24ce",
                "Sample4.vcf.gz.tbi:md5,2ee759b5a0f0117a3184361205489d62",
                "Sample5.txt:md5,2ff3f4981afd22e42a66a628d472137f",
                "Sample5.vcf.gz:md5,9b8b7291a874099cfaf16088b57722b9",
                "Sample5.vcf.gz.tbi:md5,ed2332732785246fb07dcbf0e5788aa7",
                "Sample6.txt:md5,4f2d6da63ad804fe540d981c19a1c84b",
                "Sample6.vcf.gz:md5,2f6104157585b8c27c654b821dde0e7c",
                "Sample6.vcf.gz.tbi:md5,c03dcd2a24a2109608c8800e1bca7ca0",
                "Sample7.txt:md5,219ce7d0d9d748af467acd9e5371963e",
                "Sample7.vcf.gz:md5,ce69066d81c7ea2fd8d1f5d9b854d36a",
                "Sample7.vcf.gz.tbi:md5,cedb37abae2fae32191c03a146482fd0",
                "Sample8.txt:md5,c88e6707bac644bab156de00ef3dd0d9",
                "Sample8.vcf.gz:md5,1e317ef3ecf208db0df21711034e3e2c",
                "Sample8.vcf.gz.tbi:md5,e3582c8238bc7db54c2d094bb7f9cc6e",
                "Sample9.txt:md5,ab14fc3d50a06417c3a78b5585f33821",
                "Sample9.vcf.gz:md5,f6f98f16d38417218567457f12cd659e",
                "Sample9.vcf.gz.tbi:md5,4cb176febbc8c26d717a6c6e67b9c905",
                "prep_F.autosomal.txt:md5,bad3277e8e80211cce8b8b19d6971d5f",
                "prep_F.chrX.txt:md5,210ab56b13fa570f3e37ea1748f78af1",
                "prep_M.autosomal.txt:md5,3d29708ddc616bf164d0ce5bce52f456",
                "prep_M.chrX.txt:md5,6baa8d5ad628dff261af098abe962948",
                "samplesheet.csv:md5,c759d9162a7bf9ad1d3eba088ecd46bf"
            ]
        ],
        "meta": {
            "nf-test": "0.9.0",
            "nextflow": "24.10.0"
        },
        "timestamp": "2024-11-26T16:53:48.130567"
    },
    "exomedepth_bam": {
        "content": [
            75,
            {
                "BEDGOVCF": {
                    "bedgovcf": "0.1.0"
                },
                "CUSTOM_MERGECNV": {
                    "head": 9.3,
                    "tail": 9.3,
                    "sort": 9.3
                },
                "CUSTOM_MERGECOUNTS": {
                    "paste": 9.3,
                    "mv": 9.3,
                    "cp": 9.3
                },
                "EXOMEDEPTH_CALL": {
                    "ExomeDepth": "1.1.16",
                    "R": "Rscript (R) version 4.3.1 (2023-06-16)"
                },
                "EXOMEDEPTH_COUNT": {
                    "ExomeDepth": "1.1.16",
                    "R": "Rscript (R) version 4.3.1 (2023-06-16)"
                },
                "TABIX_TABIX": {
                    "tabix": 1.2
                },
                "Workflow": {
                    "nf-cmgg/exomecnv": "v1.2.0dev"
                }
            },
            [
                "exomedepth",
                "exomedepth/cnv_call",
                "exomedepth/cnv_call/Sample1.txt",
                "exomedepth/cnv_call/Sample1.vcf.gz",
                "exomedepth/cnv_call/Sample1.vcf.gz.tbi",
                "exomedepth/cnv_call/Sample10.txt",
                "exomedepth/cnv_call/Sample10.vcf.gz",
                "exomedepth/cnv_call/Sample10.vcf.gz.tbi",
                "exomedepth/cnv_call/Sample2.txt",
                "exomedepth/cnv_call/Sample2.vcf.gz",
                "exomedepth/cnv_call/Sample2.vcf.gz.tbi",
                "exomedepth/cnv_call/Sample3.txt",
                "exomedepth/cnv_call/Sample3.vcf.gz",
                "exomedepth/cnv_call/Sample3.vcf.gz.tbi",
                "exomedepth/cnv_call/Sample4.txt",
                "exomedepth/cnv_call/Sample4.vcf.gz",
                "exomedepth/cnv_call/Sample4.vcf.gz.tbi",
                "exomedepth/cnv_call/Sample5.txt",
                "exomedepth/cnv_call/Sample5.vcf.gz",
                "exomedepth/cnv_call/Sample5.vcf.gz.tbi",
                "exomedepth/cnv_call/Sample6.txt",
                "exomedepth/cnv_call/Sample6.vcf.gz",
                "exomedepth/cnv_call/Sample6.vcf.gz.tbi",
                "exomedepth/cnv_call/Sample7.txt",
                "exomedepth/cnv_call/Sample7.vcf.gz",
                "exomedepth/cnv_call/Sample7.vcf.gz.tbi",
                "exomedepth/cnv_call/Sample8.txt",
                "exomedepth/cnv_call/Sample8.vcf.gz",
                "exomedepth/cnv_call/Sample8.vcf.gz.tbi",
                "exomedepth/cnv_call/Sample9.txt",
                "exomedepth/cnv_call/Sample9.vcf.gz",
                "exomedepth/cnv_call/Sample9.vcf.gz.tbi",
                "exomedepth/counts",
                "exomedepth/counts/prep_F.autosomal.txt",
                "exomedepth/counts/prep_F.chrX.txt",
                "exomedepth/counts/prep_M.autosomal.txt",
                "exomedepth/counts/prep_M.chrX.txt",
                "multiqc",
                "multiqc/multiqc_data",
                "multiqc/multiqc_data/multiqc.log",
                "multiqc/multiqc_data/multiqc_citations.txt",
                "multiqc/multiqc_data/multiqc_data.json",
                "multiqc/multiqc_data/multiqc_software_versions.txt",
                "multiqc/multiqc_data/multiqc_sources.txt",
                "multiqc/multiqc_report.html",
                "pipeline_info",
                "pipeline_info/nf_core_pipeline_software_mqc_versions.yml",
                "samplesheet.csv"
            ],
            [
                "Sample1.txt:md5,cd414909ef75fbabb7a3e33b0ae13ea4",
                "Sample1.vcf.gz:md5,4441158ed8afc4957ffc6d7e7ef92d7b",
                "Sample1.vcf.gz.tbi:md5,21ad324d1390438ce618d504516077f8",
                "Sample10.txt:md5,ab14fc3d50a06417c3a78b5585f33821",
                "Sample10.vcf.gz:md5,6cf5396846734057bbb9bd63ba1ad08a",
                "Sample10.vcf.gz.tbi:md5,4cb176febbc8c26d717a6c6e67b9c905",
                "Sample2.txt:md5,c87a3f77a285b6183864c5a05abc9c79",
                "Sample2.vcf.gz:md5,e06db7db8d9b2e7c4c54bd2f3a7000a0",
                "Sample2.vcf.gz.tbi:md5,4f27122bb5c89ddc88ce81ec54c0060d",
                "Sample3.txt:md5,d398d6337a6f4c619d539ea82d2c09f6",
                "Sample3.vcf.gz:md5,2bf600b69ca31be1d5f040d29b96530e",
                "Sample3.vcf.gz.tbi:md5,fa7182e415ebdfe67917951a3d6acbbd",
                "Sample4.txt:md5,8c6ff9f118ac5e7bbb9398f58cbd0141",
                "Sample4.vcf.gz:md5,e587d3b1f3869599d12361d542fa24ce",
                "Sample4.vcf.gz.tbi:md5,2ee759b5a0f0117a3184361205489d62",
                "Sample5.txt:md5,2ff3f4981afd22e42a66a628d472137f",
                "Sample5.vcf.gz:md5,9b8b7291a874099cfaf16088b57722b9",
                "Sample5.vcf.gz.tbi:md5,ed2332732785246fb07dcbf0e5788aa7",
                "Sample6.txt:md5,4f2d6da63ad804fe540d981c19a1c84b",
                "Sample6.vcf.gz:md5,2f6104157585b8c27c654b821dde0e7c",
                "Sample6.vcf.gz.tbi:md5,c03dcd2a24a2109608c8800e1bca7ca0",
                "Sample7.txt:md5,219ce7d0d9d748af467acd9e5371963e",
                "Sample7.vcf.gz:md5,ce69066d81c7ea2fd8d1f5d9b854d36a",
                "Sample7.vcf.gz.tbi:md5,cedb37abae2fae32191c03a146482fd0",
                "Sample8.txt:md5,c88e6707bac644bab156de00ef3dd0d9",
                "Sample8.vcf.gz:md5,1e317ef3ecf208db0df21711034e3e2c",
                "Sample8.vcf.gz.tbi:md5,e3582c8238bc7db54c2d094bb7f9cc6e",
                "Sample9.txt:md5,ab14fc3d50a06417c3a78b5585f33821",
                "Sample9.vcf.gz:md5,f6f98f16d38417218567457f12cd659e",
                "Sample9.vcf.gz.tbi:md5,4cb176febbc8c26d717a6c6e67b9c905",
                "prep_F.autosomal.txt:md5,bad3277e8e80211cce8b8b19d6971d5f",
                "prep_F.chrX.txt:md5,210ab56b13fa570f3e37ea1748f78af1",
                "prep_M.autosomal.txt:md5,3d29708ddc616bf164d0ce5bce52f456",
                "prep_M.chrX.txt:md5,6baa8d5ad628dff261af098abe962948",
                "samplesheet.csv:md5,48c59f89cd1e4a598fef724096737c44"
            ]
        ],
        "meta": {
            "nf-test": "0.9.0",
            "nextflow": "24.10.0"
        },
        "timestamp": "2024-11-26T16:58:37.947708"
    }
}