{
    "exomedepth_cram": {
        "content": [
            11,
            {
                "MOSDEPTH": {
                    "mosdepth": "0.3.10"
                },
                "Workflow": {
                    "nf-cmgg/exomecnv": "v2.0-dev"
                }
            },
            [
                "multiqc",
                "multiqc/multiqc_data",
                "multiqc/multiqc_data/multiqc.log",
                "multiqc/multiqc_data/multiqc_citations.txt",
                "multiqc/multiqc_data/multiqc_data.json",
                "multiqc/multiqc_data/multiqc_software_versions.txt",
                "multiqc/multiqc_data/multiqc_sources.txt",
                "multiqc/multiqc_report.html",
                "pipeline_info",
                "pipeline_info/nf_core_pipeline_software_mqc_versions.yml",
                "samplesheet.csv"
            ],
            [
                "samplesheet.csv:md5,815bb5477f2ef2b34e9540e001aeeeb1"
            ]
        ],
        "meta": {
            "nf-test": "0.9.2",
            "nextflow": "25.04.6"
        },
        "timestamp": "2025-07-02T11:43:19.645273"
    },
    "exomedepth_bam": {
        "content": [
            11,
            {
                "MOSDEPTH": {
                    "mosdepth": "0.3.10"
                },
                "Workflow": {
                    "nf-cmgg/exomecnv": "v2.0-dev"
                }
            },
            [
                "multiqc",
                "multiqc/multiqc_data",
                "multiqc/multiqc_data/multiqc.log",
                "multiqc/multiqc_data/multiqc_citations.txt",
                "multiqc/multiqc_data/multiqc_data.json",
                "multiqc/multiqc_data/multiqc_software_versions.txt",
                "multiqc/multiqc_data/multiqc_sources.txt",
                "multiqc/multiqc_report.html",
                "pipeline_info",
                "pipeline_info/nf_core_pipeline_software_mqc_versions.yml",
                "samplesheet.csv"
            ],
            [
                "samplesheet.csv:md5,48c59f89cd1e4a598fef724096737c44"
            ]
        ],
        "meta": {
            "nf-test": "0.9.2",
            "nextflow": "25.04.6"
        },
        "timestamp": "2025-07-02T11:43:46.905379"
    }
}