{
    "exomedepth_cram": {
        "content": [
            [
                
            ],
            [
                "exomedepth/cnv_call/Sample10_CNVs_ExomeDepth.txt",
                "exomedepth/cnv_call/Sample10_CNVs_ExomeDepth.vcf.gz",
                "exomedepth/cnv_call/Sample10_CNVs_ExomeDepth.vcf.gz.tbi",
                "exomedepth/cnv_call/Sample10_CNVs_ExomeDepth_autosomal.txt",
                "exomedepth/cnv_call/Sample10_CNVs_ExomeDepth_chrX.txt",
                "exomedepth/cnv_call/Sample1_CNVs_ExomeDepth.txt",
                "exomedepth/cnv_call/Sample1_CNVs_ExomeDepth.vcf.gz",
                "exomedepth/cnv_call/Sample1_CNVs_ExomeDepth.vcf.gz.tbi",
                "exomedepth/cnv_call/Sample1_CNVs_ExomeDepth_autosomal.txt",
                "exomedepth/cnv_call/Sample1_CNVs_ExomeDepth_chrX.txt",
                "exomedepth/cnv_call/Sample2_CNVs_ExomeDepth.txt",
                "exomedepth/cnv_call/Sample2_CNVs_ExomeDepth.vcf.gz",
                "exomedepth/cnv_call/Sample2_CNVs_ExomeDepth.vcf.gz.tbi",
                "exomedepth/cnv_call/Sample2_CNVs_ExomeDepth_autosomal.txt",
                "exomedepth/cnv_call/Sample2_CNVs_ExomeDepth_chrX.txt",
                "exomedepth/cnv_call/Sample3_CNVs_ExomeDepth.txt",
                "exomedepth/cnv_call/Sample3_CNVs_ExomeDepth.vcf.gz",
                "exomedepth/cnv_call/Sample3_CNVs_ExomeDepth.vcf.gz.tbi",
                "exomedepth/cnv_call/Sample3_CNVs_ExomeDepth_autosomal.txt",
                "exomedepth/cnv_call/Sample3_CNVs_ExomeDepth_chrX.txt",
                "exomedepth/cnv_call/Sample4_CNVs_ExomeDepth.txt",
                "exomedepth/cnv_call/Sample4_CNVs_ExomeDepth.vcf.gz",
                "exomedepth/cnv_call/Sample4_CNVs_ExomeDepth.vcf.gz.tbi",
                "exomedepth/cnv_call/Sample4_CNVs_ExomeDepth_autosomal.txt",
                "exomedepth/cnv_call/Sample4_CNVs_ExomeDepth_chrX.txt",
                "exomedepth/cnv_call/Sample5_CNVs_ExomeDepth.txt",
                "exomedepth/cnv_call/Sample5_CNVs_ExomeDepth.vcf.gz",
                "exomedepth/cnv_call/Sample5_CNVs_ExomeDepth.vcf.gz.tbi",
                "exomedepth/cnv_call/Sample5_CNVs_ExomeDepth_autosomal.txt",
                "exomedepth/cnv_call/Sample5_CNVs_ExomeDepth_chrX.txt",
                "exomedepth/cnv_call/Sample6_CNVs_ExomeDepth.txt",
                "exomedepth/cnv_call/Sample6_CNVs_ExomeDepth.vcf.gz",
                "exomedepth/cnv_call/Sample6_CNVs_ExomeDepth.vcf.gz.tbi",
                "exomedepth/cnv_call/Sample6_CNVs_ExomeDepth_autosomal.txt",
                "exomedepth/cnv_call/Sample6_CNVs_ExomeDepth_chrX.txt",
                "exomedepth/cnv_call/Sample7_CNVs_ExomeDepth.txt",
                "exomedepth/cnv_call/Sample7_CNVs_ExomeDepth.vcf.gz",
                "exomedepth/cnv_call/Sample7_CNVs_ExomeDepth.vcf.gz.tbi",
                "exomedepth/cnv_call/Sample7_CNVs_ExomeDepth_autosomal.txt",
                "exomedepth/cnv_call/Sample7_CNVs_ExomeDepth_chrX.txt",
                "exomedepth/cnv_call/Sample8_CNVs_ExomeDepth.txt",
                "exomedepth/cnv_call/Sample8_CNVs_ExomeDepth.vcf.gz",
                "exomedepth/cnv_call/Sample8_CNVs_ExomeDepth.vcf.gz.tbi",
                "exomedepth/cnv_call/Sample8_CNVs_ExomeDepth_autosomal.txt",
                "exomedepth/cnv_call/Sample8_CNVs_ExomeDepth_chrX.txt",
                "exomedepth/cnv_call/Sample9_CNVs_ExomeDepth.txt",
                "exomedepth/cnv_call/Sample9_CNVs_ExomeDepth.vcf.gz",
                "exomedepth/cnv_call/Sample9_CNVs_ExomeDepth.vcf.gz.tbi",
                "exomedepth/cnv_call/Sample9_CNVs_ExomeDepth_autosomal.txt",
                "exomedepth/cnv_call/Sample9_CNVs_ExomeDepth_chrX.txt",
                "exomedepth/cnv_call/versions.yml",
                "exomedepth/counts/Sample10_autosomal.txt",
                "exomedepth/counts/Sample10_chrX.txt",
                "exomedepth/counts/Sample1_autosomal.txt",
                "exomedepth/counts/Sample1_chrX.txt",
                "exomedepth/counts/Sample2_autosomal.txt",
                "exomedepth/counts/Sample2_chrX.txt",
                "exomedepth/counts/Sample3_autosomal.txt",
                "exomedepth/counts/Sample3_chrX.txt",
                "exomedepth/counts/Sample4_autosomal.txt",
                "exomedepth/counts/Sample4_chrX.txt",
                "exomedepth/counts/Sample5_autosomal.txt",
                "exomedepth/counts/Sample5_chrX.txt",
                "exomedepth/counts/Sample6_autosomal.txt",
                "exomedepth/counts/Sample6_chrX.txt",
                "exomedepth/counts/Sample7_autosomal.txt",
                "exomedepth/counts/Sample7_chrX.txt",
                "exomedepth/counts/Sample8_autosomal.txt",
                "exomedepth/counts/Sample8_chrX.txt",
                "exomedepth/counts/Sample9_autosomal.txt",
                "exomedepth/counts/Sample9_chrX.txt",
                "exomedepth/counts/poolF_autosomal.txt",
                "exomedepth/counts/poolF_chrX.txt",
                "exomedepth/counts/poolM_autosomal.txt",
                "exomedepth/counts/poolM_chrX.txt",
                "exomedepth/counts/versions.yml",
                "multiqc/multiqc_data/multiqc.log",
                "multiqc/multiqc_data/multiqc_citations.txt",
                "multiqc/multiqc_data/multiqc_data.json",
                "multiqc/multiqc_data/multiqc_software_versions.txt",
                "multiqc/multiqc_data/multiqc_sources.txt",
                "multiqc/multiqc_report.html",
                "samplesheet.csv"
            ]
        ],
        "meta": {
            "nf-test": "0.9.0",
            "nextflow": "24.04.4"
        },
        "timestamp": "2024-10-15T16:14:48.979268"
    },
    "exomedepth_bam": {
        "content": [
            [
                
            ],
            [
                "exomedepth/cnv_call/Sample10_CNVs_ExomeDepth.txt",
                "exomedepth/cnv_call/Sample10_CNVs_ExomeDepth.vcf.gz",
                "exomedepth/cnv_call/Sample10_CNVs_ExomeDepth.vcf.gz.tbi",
                "exomedepth/cnv_call/Sample10_CNVs_ExomeDepth_autosomal.txt",
                "exomedepth/cnv_call/Sample10_CNVs_ExomeDepth_chrX.txt",
                "exomedepth/cnv_call/Sample1_CNVs_ExomeDepth.txt",
                "exomedepth/cnv_call/Sample1_CNVs_ExomeDepth.vcf.gz",
                "exomedepth/cnv_call/Sample1_CNVs_ExomeDepth.vcf.gz.tbi",
                "exomedepth/cnv_call/Sample1_CNVs_ExomeDepth_autosomal.txt",
                "exomedepth/cnv_call/Sample1_CNVs_ExomeDepth_chrX.txt",
                "exomedepth/cnv_call/Sample2_CNVs_ExomeDepth.txt",
                "exomedepth/cnv_call/Sample2_CNVs_ExomeDepth.vcf.gz",
                "exomedepth/cnv_call/Sample2_CNVs_ExomeDepth.vcf.gz.tbi",
                "exomedepth/cnv_call/Sample2_CNVs_ExomeDepth_autosomal.txt",
                "exomedepth/cnv_call/Sample2_CNVs_ExomeDepth_chrX.txt",
                "exomedepth/cnv_call/Sample3_CNVs_ExomeDepth.txt",
                "exomedepth/cnv_call/Sample3_CNVs_ExomeDepth.vcf.gz",
                "exomedepth/cnv_call/Sample3_CNVs_ExomeDepth.vcf.gz.tbi",
                "exomedepth/cnv_call/Sample3_CNVs_ExomeDepth_autosomal.txt",
                "exomedepth/cnv_call/Sample3_CNVs_ExomeDepth_chrX.txt",
                "exomedepth/cnv_call/Sample4_CNVs_ExomeDepth.txt",
                "exomedepth/cnv_call/Sample4_CNVs_ExomeDepth.vcf.gz",
                "exomedepth/cnv_call/Sample4_CNVs_ExomeDepth.vcf.gz.tbi",
                "exomedepth/cnv_call/Sample4_CNVs_ExomeDepth_autosomal.txt",
                "exomedepth/cnv_call/Sample4_CNVs_ExomeDepth_chrX.txt",
                "exomedepth/cnv_call/Sample5_CNVs_ExomeDepth.txt",
                "exomedepth/cnv_call/Sample5_CNVs_ExomeDepth.vcf.gz",
                "exomedepth/cnv_call/Sample5_CNVs_ExomeDepth.vcf.gz.tbi",
                "exomedepth/cnv_call/Sample5_CNVs_ExomeDepth_autosomal.txt",
                "exomedepth/cnv_call/Sample5_CNVs_ExomeDepth_chrX.txt",
                "exomedepth/cnv_call/Sample6_CNVs_ExomeDepth.txt",
                "exomedepth/cnv_call/Sample6_CNVs_ExomeDepth.vcf.gz",
                "exomedepth/cnv_call/Sample6_CNVs_ExomeDepth.vcf.gz.tbi",
                "exomedepth/cnv_call/Sample6_CNVs_ExomeDepth_autosomal.txt",
                "exomedepth/cnv_call/Sample6_CNVs_ExomeDepth_chrX.txt",
                "exomedepth/cnv_call/Sample7_CNVs_ExomeDepth.txt",
                "exomedepth/cnv_call/Sample7_CNVs_ExomeDepth.vcf.gz",
                "exomedepth/cnv_call/Sample7_CNVs_ExomeDepth.vcf.gz.tbi",
                "exomedepth/cnv_call/Sample7_CNVs_ExomeDepth_autosomal.txt",
                "exomedepth/cnv_call/Sample7_CNVs_ExomeDepth_chrX.txt",
                "exomedepth/cnv_call/Sample8_CNVs_ExomeDepth.txt",
                "exomedepth/cnv_call/Sample8_CNVs_ExomeDepth.vcf.gz",
                "exomedepth/cnv_call/Sample8_CNVs_ExomeDepth.vcf.gz.tbi",
                "exomedepth/cnv_call/Sample8_CNVs_ExomeDepth_autosomal.txt",
                "exomedepth/cnv_call/Sample8_CNVs_ExomeDepth_chrX.txt",
                "exomedepth/cnv_call/Sample9_CNVs_ExomeDepth.txt",
                "exomedepth/cnv_call/Sample9_CNVs_ExomeDepth.vcf.gz",
                "exomedepth/cnv_call/Sample9_CNVs_ExomeDepth.vcf.gz.tbi",
                "exomedepth/cnv_call/Sample9_CNVs_ExomeDepth_autosomal.txt",
                "exomedepth/cnv_call/Sample9_CNVs_ExomeDepth_chrX.txt",
                "exomedepth/cnv_call/versions.yml",
                "exomedepth/counts/Sample10_autosomal.txt",
                "exomedepth/counts/Sample10_chrX.txt",
                "exomedepth/counts/Sample1_autosomal.txt",
                "exomedepth/counts/Sample1_chrX.txt",
                "exomedepth/counts/Sample2_autosomal.txt",
                "exomedepth/counts/Sample2_chrX.txt",
                "exomedepth/counts/Sample3_autosomal.txt",
                "exomedepth/counts/Sample3_chrX.txt",
                "exomedepth/counts/Sample4_autosomal.txt",
                "exomedepth/counts/Sample4_chrX.txt",
                "exomedepth/counts/Sample5_autosomal.txt",
                "exomedepth/counts/Sample5_chrX.txt",
                "exomedepth/counts/Sample6_autosomal.txt",
                "exomedepth/counts/Sample6_chrX.txt",
                "exomedepth/counts/Sample7_autosomal.txt",
                "exomedepth/counts/Sample7_chrX.txt",
                "exomedepth/counts/Sample8_autosomal.txt",
                "exomedepth/counts/Sample8_chrX.txt",
                "exomedepth/counts/Sample9_autosomal.txt",
                "exomedepth/counts/Sample9_chrX.txt",
                "exomedepth/counts/poolF_autosomal.txt",
                "exomedepth/counts/poolF_chrX.txt",
                "exomedepth/counts/poolM_autosomal.txt",
                "exomedepth/counts/poolM_chrX.txt",
                "exomedepth/counts/versions.yml",
                "multiqc/multiqc_data/multiqc.log",
                "multiqc/multiqc_data/multiqc_citations.txt",
                "multiqc/multiqc_data/multiqc_data.json",
                "multiqc/multiqc_data/multiqc_software_versions.txt",
                "multiqc/multiqc_data/multiqc_sources.txt",
                "multiqc/multiqc_report.html",
                "samplesheet.csv"
            ]
        ],
        "meta": {
            "nf-test": "0.9.0",
            "nextflow": "24.04.4"
        },
        "timestamp": "2024-10-15T16:22:42.985538"
    },
    "exomedepth_cram + annotate": {
        "content": [
            [
                
            ],
            [
                "exomedepth/cnv_call/Sample10_CNVs_ExomeDepth.txt",
                "exomedepth/cnv_call/Sample10_CNVs_ExomeDepth.vcf.gz",
                "exomedepth/cnv_call/Sample10_CNVs_ExomeDepth.vcf.gz.tbi",
                "exomedepth/cnv_call/Sample10_CNVs_ExomeDepth_autosomal.txt",
                "exomedepth/cnv_call/Sample10_CNVs_ExomeDepth_chrX.txt",
                "exomedepth/cnv_call/Sample1_CNVs_ExomeDepth.txt",
                "exomedepth/cnv_call/Sample1_CNVs_ExomeDepth.vcf.gz",
                "exomedepth/cnv_call/Sample1_CNVs_ExomeDepth.vcf.gz.tbi",
                "exomedepth/cnv_call/Sample1_CNVs_ExomeDepth_autosomal.txt",
                "exomedepth/cnv_call/Sample1_CNVs_ExomeDepth_chrX.txt",
                "exomedepth/cnv_call/Sample2_CNVs_ExomeDepth.txt",
                "exomedepth/cnv_call/Sample2_CNVs_ExomeDepth.vcf.gz",
                "exomedepth/cnv_call/Sample2_CNVs_ExomeDepth.vcf.gz.tbi",
                "exomedepth/cnv_call/Sample2_CNVs_ExomeDepth_autosomal.txt",
                "exomedepth/cnv_call/Sample2_CNVs_ExomeDepth_chrX.txt",
                "exomedepth/cnv_call/Sample3_CNVs_ExomeDepth.txt",
                "exomedepth/cnv_call/Sample3_CNVs_ExomeDepth.vcf.gz",
                "exomedepth/cnv_call/Sample3_CNVs_ExomeDepth.vcf.gz.tbi",
                "exomedepth/cnv_call/Sample3_CNVs_ExomeDepth_autosomal.txt",
                "exomedepth/cnv_call/Sample3_CNVs_ExomeDepth_chrX.txt",
                "exomedepth/cnv_call/Sample4_CNVs_ExomeDepth.txt",
                "exomedepth/cnv_call/Sample4_CNVs_ExomeDepth.vcf.gz",
                "exomedepth/cnv_call/Sample4_CNVs_ExomeDepth.vcf.gz.tbi",
                "exomedepth/cnv_call/Sample4_CNVs_ExomeDepth_autosomal.txt",
                "exomedepth/cnv_call/Sample4_CNVs_ExomeDepth_chrX.txt",
                "exomedepth/cnv_call/Sample5_CNVs_ExomeDepth.txt",
                "exomedepth/cnv_call/Sample5_CNVs_ExomeDepth.vcf.gz",
                "exomedepth/cnv_call/Sample5_CNVs_ExomeDepth.vcf.gz.tbi",
                "exomedepth/cnv_call/Sample5_CNVs_ExomeDepth_autosomal.txt",
                "exomedepth/cnv_call/Sample5_CNVs_ExomeDepth_chrX.txt",
                "exomedepth/cnv_call/Sample6_CNVs_ExomeDepth.txt",
                "exomedepth/cnv_call/Sample6_CNVs_ExomeDepth.vcf.gz",
                "exomedepth/cnv_call/Sample6_CNVs_ExomeDepth.vcf.gz.tbi",
                "exomedepth/cnv_call/Sample6_CNVs_ExomeDepth_autosomal.txt",
                "exomedepth/cnv_call/Sample6_CNVs_ExomeDepth_chrX.txt",
                "exomedepth/cnv_call/Sample7_CNVs_ExomeDepth.txt",
                "exomedepth/cnv_call/Sample7_CNVs_ExomeDepth.vcf.gz",
                "exomedepth/cnv_call/Sample7_CNVs_ExomeDepth.vcf.gz.tbi",
                "exomedepth/cnv_call/Sample7_CNVs_ExomeDepth_autosomal.txt",
                "exomedepth/cnv_call/Sample7_CNVs_ExomeDepth_chrX.txt",
                "exomedepth/cnv_call/Sample8_CNVs_ExomeDepth.txt",
                "exomedepth/cnv_call/Sample8_CNVs_ExomeDepth.vcf.gz",
                "exomedepth/cnv_call/Sample8_CNVs_ExomeDepth.vcf.gz.tbi",
                "exomedepth/cnv_call/Sample8_CNVs_ExomeDepth_autosomal.txt",
                "exomedepth/cnv_call/Sample8_CNVs_ExomeDepth_chrX.txt",
                "exomedepth/cnv_call/Sample9_CNVs_ExomeDepth.txt",
                "exomedepth/cnv_call/Sample9_CNVs_ExomeDepth.vcf.gz",
                "exomedepth/cnv_call/Sample9_CNVs_ExomeDepth.vcf.gz.tbi",
                "exomedepth/cnv_call/Sample9_CNVs_ExomeDepth_autosomal.txt",
                "exomedepth/cnv_call/Sample9_CNVs_ExomeDepth_chrX.txt",
                "exomedepth/cnv_call/versions.yml",
                "exomedepth/cnv_call_vep/Sample1.vep.vcf.gz",
                "exomedepth/cnv_call_vep/Sample1.vep.vcf.gz.tbi",
                "exomedepth/cnv_call_vep/Sample10.vep.vcf.gz",
                "exomedepth/cnv_call_vep/Sample10.vep.vcf.gz.tbi",
                "exomedepth/cnv_call_vep/Sample2.vep.vcf.gz",
                "exomedepth/cnv_call_vep/Sample2.vep.vcf.gz.tbi",
                "exomedepth/cnv_call_vep/Sample3.vep.vcf.gz",
                "exomedepth/cnv_call_vep/Sample3.vep.vcf.gz.tbi",
                "exomedepth/cnv_call_vep/Sample4.vep.vcf.gz",
                "exomedepth/cnv_call_vep/Sample4.vep.vcf.gz.tbi",
                "exomedepth/cnv_call_vep/Sample5.vep.vcf.gz",
                "exomedepth/cnv_call_vep/Sample5.vep.vcf.gz.tbi",
                "exomedepth/cnv_call_vep/Sample6.vep.vcf.gz",
                "exomedepth/cnv_call_vep/Sample6.vep.vcf.gz.tbi",
                "exomedepth/cnv_call_vep/Sample7.vep.vcf.gz",
                "exomedepth/cnv_call_vep/Sample7.vep.vcf.gz.tbi",
                "exomedepth/cnv_call_vep/Sample8.vep.vcf.gz",
                "exomedepth/cnv_call_vep/Sample8.vep.vcf.gz.tbi",
                "exomedepth/cnv_call_vep/Sample9.vep.vcf.gz",
                "exomedepth/cnv_call_vep/Sample9.vep.vcf.gz.tbi",
                "exomedepth/cnv_call_vep/versions.yml",
                "exomedepth/counts/Sample10_autosomal.txt",
                "exomedepth/counts/Sample10_chrX.txt",
                "exomedepth/counts/Sample1_autosomal.txt",
                "exomedepth/counts/Sample1_chrX.txt",
                "exomedepth/counts/Sample2_autosomal.txt",
                "exomedepth/counts/Sample2_chrX.txt",
                "exomedepth/counts/Sample3_autosomal.txt",
                "exomedepth/counts/Sample3_chrX.txt",
                "exomedepth/counts/Sample4_autosomal.txt",
                "exomedepth/counts/Sample4_chrX.txt",
                "exomedepth/counts/Sample5_autosomal.txt",
                "exomedepth/counts/Sample5_chrX.txt",
                "exomedepth/counts/Sample6_autosomal.txt",
                "exomedepth/counts/Sample6_chrX.txt",
                "exomedepth/counts/Sample7_autosomal.txt",
                "exomedepth/counts/Sample7_chrX.txt",
                "exomedepth/counts/Sample8_autosomal.txt",
                "exomedepth/counts/Sample8_chrX.txt",
                "exomedepth/counts/Sample9_autosomal.txt",
                "exomedepth/counts/Sample9_chrX.txt",
                "exomedepth/counts/poolF_autosomal.txt",
                "exomedepth/counts/poolF_chrX.txt",
                "exomedepth/counts/poolM_autosomal.txt",
                "exomedepth/counts/poolM_chrX.txt",
                "exomedepth/counts/versions.yml",
                "multiqc/multiqc_data/multiqc.log",
                "multiqc/multiqc_data/multiqc_citations.txt",
                "multiqc/multiqc_data/multiqc_data.json",
                "multiqc/multiqc_data/multiqc_software_versions.txt",
                "multiqc/multiqc_data/multiqc_sources.txt",
                "multiqc/multiqc_report.html",
                "samplesheet.csv"
            ]
        ],
        "meta": {
            "nf-test": "0.9.0",
            "nextflow": "24.04.4"
        },
        "timestamp": "2024-10-15T16:18:59.144786"
    }
}