{
    "homo_sapiens - bed, merged_counts": {
        "content": [
            {
                "0": [
                    [
                        {
                            "id": "test"
                        },
                        "Sample1_CNVs_ExomeDepth_autosomal.txt:md5,cd414909ef75fbabb7a3e33b0ae13ea4"
                    ]
                ],
                "1": [
                    "versions.yml:md5,52fa9e72dbb0111366d891f166c93b95"
                ],
                "cnvcall": [
                    [
                        {
                            "id": "test"
                        },
                        "Sample1_CNVs_ExomeDepth_autosomal.txt:md5,cd414909ef75fbabb7a3e33b0ae13ea4"
                    ]
                ],
                "versions": [
                    "versions.yml:md5,52fa9e72dbb0111366d891f166c93b95"
                ]
            }
        ],
        "meta": {
            "nf-test": "0.9.1",
            "nextflow": "24.10.1"
        },
        "timestamp": "2024-11-26T12:27:22.177728161"
    },
    "homo_sapiens - bed, merged_counts - stub": {
        "content": [
            {
                "0": [
                    [
                        {
                            "id": "test"
                        },
                        "test.autosomal.txt:md5,d41d8cd98f00b204e9800998ecf8427e"
                    ]
                ],
                "1": [
                    "versions.yml:md5,52fa9e72dbb0111366d891f166c93b95"
                ],
                "cnvcall": [
                    [
                        {
                            "id": "test"
                        },
                        "test.autosomal.txt:md5,d41d8cd98f00b204e9800998ecf8427e"
                    ]
                ],
                "versions": [
                    "versions.yml:md5,52fa9e72dbb0111366d891f166c93b95"
                ]
            }
        ],
        "meta": {
            "nf-test": "0.9.1",
            "nextflow": "24.10.1"
        },
        "timestamp": "2024-11-26T12:27:29.219396791"
    }
}