{
    "homo_sapiens - bed, merged_counts": {
        "content": [
            {
                "0": [
                    [
                        {
                            "id": "test",
                            "chromosome": "chrX"
                        },
                        "test.chrX.txt:md5,ccd4d7a5c71c953dfaab903ca2be19d9"
                    ]
                ],
                "1": [
                    "versions.yml:md5,52fa9e72dbb0111366d891f166c93b95"
                ],
                "cnvcall": [
                    [
                        {
                            "id": "test",
                            "chromosome": "chrX"
                        },
                        "test.chrX.txt:md5,ccd4d7a5c71c953dfaab903ca2be19d9"
                    ]
                ],
                "versions": [
                    "versions.yml:md5,52fa9e72dbb0111366d891f166c93b95"
                ]
            }
        ],
        "meta": {
            "nf-test": "0.9.2",
            "nextflow": "25.04.3"
        },
        "timestamp": "2025-06-03T15:01:00.135671758"
    },
    "homo_sapiens - bed, merged_counts - stub": {
        "content": [
            {
                "0": [
                    [
                        {
                            "id": "test",
                            "chromosome": "chrX"
                        },
                        "test.chrX.txt:md5,d41d8cd98f00b204e9800998ecf8427e"
                    ]
                ],
                "1": [
                    "versions.yml:md5,52fa9e72dbb0111366d891f166c93b95"
                ],
                "cnvcall": [
                    [
                        {
                            "id": "test",
                            "chromosome": "chrX"
                        },
                        "test.chrX.txt:md5,d41d8cd98f00b204e9800998ecf8427e"
                    ]
                ],
                "versions": [
                    "versions.yml:md5,52fa9e72dbb0111366d891f166c93b95"
                ]
            }
        ],
        "meta": {
            "nf-test": "0.9.1",
            "nextflow": "24.10.1"
        },
        "timestamp": "2024-11-26T13:21:04.456697604"
    }
}