{
    "homo_sapiens - reformat": {
        "content": [
            {
                "0": [
                    [
                        {
                            "id": "Sample1",
                            "batch": "prep_M",
                            "family": "Fam1",
                            "samples": [
                                "Sample1",
                                "Sample2",
                                "Sample3",
                                "Sample4",
                                "Sample5"
                            ],
                            "families": [
                                "Fam1",
                                "Fam2",
                                "Fam3",
                                "Fam4",
                                "Fam5"
                            ],
                            "chr": "autosomal"
                        },
                        "Sample1.null.txt:md5,15e7b5fef592e6c1a0cd6956492f4413"
                    ]
                ],
                "1": [
                    "versions.yml:md5,1fc282562f70ae81332ac5efb8314e49"
                ],
                "header": [
                    [
                        {
                            "id": "Sample1",
                            "batch": "prep_M",
                            "family": "Fam1",
                            "samples": [
                                "Sample1",
                                "Sample2",
                                "Sample3",
                                "Sample4",
                                "Sample5"
                            ],
                            "families": [
                                "Fam1",
                                "Fam2",
                                "Fam3",
                                "Fam4",
                                "Fam5"
                            ],
                            "chr": "autosomal"
                        },
                        "Sample1.null.txt:md5,15e7b5fef592e6c1a0cd6956492f4413"
                    ]
                ],
                "versions": [
                    "versions.yml:md5,1fc282562f70ae81332ac5efb8314e49"
                ]
            }
        ],
        "meta": {
            "nf-test": "0.9.2",
            "nextflow": "24.10.1"
        },
        "timestamp": "2025-08-25T13:44:37.980772002"
    },
    "homo_sapiens - reformat - stub": {
        "content": [
            {
                "0": [
                    [
                        {
                            "id": "Sample1",
                            "batch": "prep_M",
                            "family": "Fam1",
                            "samples": [
                                "Sample1",
                                "Sample2",
                                "Sample3",
                                "Sample4",
                                "Sample5"
                            ],
                            "families": [
                                "Fam1",
                                "Fam2",
                                "Fam3",
                                "Fam4",
                                "Fam5"
                            ],
                            "chr": "autosomal"
                        },
                        "Sample1.null.txt:md5,d41d8cd98f00b204e9800998ecf8427e"
                    ]
                ],
                "1": [
                    "versions.yml:md5,3e09d87978796a478b6bd8edd09c4985"
                ],
                "header": [
                    [
                        {
                            "id": "Sample1",
                            "batch": "prep_M",
                            "family": "Fam1",
                            "samples": [
                                "Sample1",
                                "Sample2",
                                "Sample3",
                                "Sample4",
                                "Sample5"
                            ],
                            "families": [
                                "Fam1",
                                "Fam2",
                                "Fam3",
                                "Fam4",
                                "Fam5"
                            ],
                            "chr": "autosomal"
                        },
                        "Sample1.null.txt:md5,d41d8cd98f00b204e9800998ecf8427e"
                    ]
                ],
                "versions": [
                    "versions.yml:md5,3e09d87978796a478b6bd8edd09c4985"
                ]
            }
        ],
        "meta": {
            "nf-test": "0.9.2",
            "nextflow": "24.10.5"
        },
        "timestamp": "2025-05-07T13:25:03.940928"
    }
}