{
    "homo_sapiens - counts": {
        "content": [
            {
                "0": [
                    [
                        {
                            "id": "Sample1",
                            "chr": "test",
                            "sam": [
                                "Sample1",
                                "Sample2",
                                "Sample3",
                                "Sample4",
                                "Sample5"
                            ],
                            "fam": [
                                "Fam1",
                                "Fam2",
                                "Fam3",
                                "Fam4",
                                "Fam5"
                            ]
                        },
                        "Sample1.txt:md5,911202604c02c755cdd6ac4b0bccfd79"
                    ]
                ],
                "1": [
                    "versions.yml:md5,8894fd2d212a06e7bd0a3d53a1d5e0ee"
                ],
                "merge": [
                    [
                        {
                            "id": "Sample1",
                            "chr": "test",
                            "sam": [
                                "Sample1",
                                "Sample2",
                                "Sample3",
                                "Sample4",
                                "Sample5"
                            ],
                            "fam": [
                                "Fam1",
                                "Fam2",
                                "Fam3",
                                "Fam4",
                                "Fam5"
                            ]
                        },
                        "Sample1.txt:md5,911202604c02c755cdd6ac4b0bccfd79"
                    ]
                ],
                "versions": [
                    "versions.yml:md5,8894fd2d212a06e7bd0a3d53a1d5e0ee"
                ]
            }
        ],
        "meta": {
            "nf-test": "0.9.1",
            "nextflow": "24.10.1"
        },
        "timestamp": "2024-11-26T12:15:53.161117769"
    },
    "homo_sapiens - counts - stub": {
        "content": [
            {
                "0": [
                    [
                        {
                            "id": "Sample1",
                            "chr": "test",
                            "sam": [
                                "Sample1",
                                "Sample2",
                                "Sample3",
                                "Sample4",
                                "Sample5"
                            ],
                            "fam": [
                                "Fam1",
                                "Fam2",
                                "Fam3",
                                "Fam4",
                                "Fam5"
                            ]
                        },
                        "Sample1.txt:md5,d41d8cd98f00b204e9800998ecf8427e"
                    ]
                ],
                "1": [
                    "versions.yml:md5,8894fd2d212a06e7bd0a3d53a1d5e0ee"
                ],
                "merge": [
                    [
                        {
                            "id": "Sample1",
                            "chr": "test",
                            "sam": [
                                "Sample1",
                                "Sample2",
                                "Sample3",
                                "Sample4",
                                "Sample5"
                            ],
                            "fam": [
                                "Fam1",
                                "Fam2",
                                "Fam3",
                                "Fam4",
                                "Fam5"
                            ]
                        },
                        "Sample1.txt:md5,d41d8cd98f00b204e9800998ecf8427e"
                    ]
                ],
                "versions": [
                    "versions.yml:md5,8894fd2d212a06e7bd0a3d53a1d5e0ee"
                ]
            }
        ],
        "meta": {
            "nf-test": "0.9.1",
            "nextflow": "24.10.1"
        },
        "timestamp": "2024-11-26T12:16:01.766643478"
    }
}